2025-08-06T12:24:42.926Z [INFO] No local changes to save

2025-08-06T12:24:42.978Z [INFO] There are  changed files found under "c:\Repos\spring-petclinic"
2025-08-06T12:24:42.978Z [INFO] Project c:\Repos\spring-petclinic is a maven project, try to get java version from pom.xml
2025-08-06T12:24:42.979Z [INFO] Java version: 17
2025-08-06T12:24:42.980Z [INFO] Maven project detected.
2025-08-06T12:24:42.980Z [INFO] Build tool type: mvnw
2025-08-06T12:24:42.980Z [INFO] [Environment] Running command (Java 17): java -version
java version "24.0.1" 2025-04-15
Java(TM) SE Runtime Environment (build 24.0.1+9-30)
Java HotSpot(TM) 64-Bit Server VM (build 24.0.1+9-30, mixed mode, sharing)
2025-08-06T12:24:43.043Z [INFO] [JdkEnvironment] Got real Java version: 24.0.1
2025-08-06T12:24:43.043Z [INFO] JDK: {"name":"java","path":"C:\\Program Files\\Java\\jdk-24\\bin","version":"24"}
2025-08-06T12:24:43.044Z [INFO] [Environment] Running command (Java 24): mvnw --version
WARNING: A restricted method in java.lang.System has been called
WARNING: java.lang.System::load has been called by org.fusesource.jansi.internal.JansiLoader in an unnamed module (file:/C:/Users/adamga/.m2/wrapper/dists/apache-maven-3.9.5-bin/32db9c34/apache-maven-3.9.5/lib/jansi-2.4.0.jar)
WARNING: Use --enable-native-access=ALL-UNNAMED to avoid a warning for callers in this module
WARNING: Restricted methods will be blocked in a future release unless native access is enabled

Apache Maven 3.9.5 (57804ffe001d7215b5e7bcb531cf83df38f93546)
Maven home: C:\Users\adamga\.m2\wrapper\dists\apache-maven-3.9.5-bin\32db9c34\apache-maven-3.9.5
Java version: 24.0.1, vendor: Oracle Corporation, runtime: C:\Program Files\Java\jdk-24
Default locale: en_CA, platform encoding: UTF-8
OS name: "windows 11", version: "10.0", arch: "amd64", family: "windows"
2025-08-06T12:24:43.338Z [INFO] Real build tool version: 3.9.5
2025-08-06T12:24:43.338Z [INFO] Build tool: {"name":"mvnw","path":".","version":"3.9.5"}
2025-08-06T12:24:43.338Z [INFO] Project config: {
  "buildTool": {
    "path": ".",
    "name": "mvnw",
    "version": "3.9.5"
  },
  "jdk": {
    "path": "C:\\Program Files\\Java\\jdk-24\\bin",
    "name": "java",
    "version": "24"
  },
  "name": "spring-petclinic",
  "dir": "c:\\Repos\\spring-petclinic"
}
2025-08-06T12:24:43.339Z [INFO] [MavenBuildTool] Getting build errors of c:\Repos\spring-petclinic using Maven
2025-08-06T12:24:43.339Z [INFO] [Environment] Running command (Java 24): mvnw -Dencoding=UTF-8 clean test-compile -q -B -fn
WARNING: A restricted method in java.lang.System has been called
WARNING: java.lang.System::load has been called by org.fusesource.jansi.internal.JansiLoader in an unnamed module (file:/C:/Users/adamga/.m2/wrapper/dists/apache-maven-3.9.5-bin/32db9c34/apache-maven-3.9.5/lib/jansi-2.4.0.jar)
WARNING: Use --enable-native-access=ALL-UNNAMED to avoid a warning for callers in this module
WARNING: Restricted methods will be blocked in a future release unless native access is enabled

WARNING: A terminally deprecated method in sun.misc.Unsafe has been called
WARNING: sun.misc.Unsafe::objectFieldOffset has been called by com.google.common.util.concurrent.AbstractFuture$UnsafeAtomicHelper (file:/C:/Users/adamga/.m2/wrapper/dists/apache-maven-3.9.5-bin/32db9c34/apache-maven-3.9.5/lib/guava-32.0.1-jre.jar)
WARNING: Please consider reporting this to the maintainers of class com.google.common.util.concurrent.AbstractFuture$UnsafeAtomicHelper
WARNING: sun.misc.Unsafe::objectFieldOffset will be removed in a future release
2025-08-06T12:24:55.826Z [INFO] [MavenBuildTool] parsing compilation errors.
2025-08-06T12:24:55.827Z [INFO] [Project spring-petclinic]: getting Java version.
2025-08-06T12:24:55.827Z [INFO] [Project spring-petclinic]: reset Java version promise.
2025-08-06T12:24:55.828Z [INFO] [MavenBuildTool] Getting Java version of c:\Repos\spring-petclinic from pom.xml
2025-08-06T12:24:55.828Z [INFO] [MavenBuildTool] Searching for pom.xml files in c:\Repos\spring-petclinic
2025-08-06T12:24:55.828Z [INFO] [MavenBuildTool] Getting modules of c:\Repos\spring-petclinic
2025-08-06T12:24:55.828Z [INFO] [Environment] Running command (Java 24): mvnw help:evaluate -Dexpression=project.modules -q -DforceStdout
WARNING: A restricted method in java.lang.System has been called
WARNING: java.lang.System::load has been called by org.fusesource.jansi.internal.JansiLoader in an unnamed module (file:/C:/Users/adamga/.m2/wrapper/dists/apache-maven-3.9.5-bin/32db9c34/apache-maven-3.9.5/lib/jansi-2.4.0.jar)
WARNING: Use --enable-native-access=ALL-UNNAMED to avoid a warning for callers in this module
WARNING: Restricted methods will be blocked in a future release unless native access is enabled

WARNING: A terminally deprecated method in sun.misc.Unsafe has been called
WARNING: sun.misc.Unsafe::objectFieldOffset has been called by com.google.common.util.concurrent.AbstractFuture$UnsafeAtomicHelper (file:/C:/Users/adamga/.m2/wrapper/dists/apache-maven-3.9.5-bin/32db9c34/apache-maven-3.9.5/lib/guava-32.0.1-jre.jar)
WARNING: Please consider reporting this to the maintainers of class com.google.common.util.concurrent.AbstractFuture$UnsafeAtomicHelper
WARNING: sun.misc.Unsafe::objectFieldOffset will be removed in a future release
<modules/>2025-08-06T12:25:04.960Z [INFO] [MavenBuildTool] Found modules: 
2025-08-06T12:25:04.961Z [INFO] [MavenBuildTool] Found pom.xml files: c:\Repos\spring-petclinic\pom.xml
2025-08-06T12:25:04.961Z [INFO] [MavenBuildTool] Java version found in c:\Repos\spring-petclinic\pom.xml: 17
2025-08-06T12:25:04.962Z [INFO] [Project spring-petclinic]: got Java version: 17
2025-08-06T12:25:04.962Z [INFO] Source Java version: 17
2025-08-06T12:25:04.962Z [INFO] [Project spring-petclinic]: getting dependencies promise.
2025-08-06T12:25:04.963Z [INFO] [Project spring-petclinic]: reset dependencies promise.
2025-08-06T12:25:04.963Z [INFO] [Environment] Running command (Java 24): mvnw dependency:tree -B
WARNING: A restricted method in java.lang.System has been called
WARNING: java.lang.System::load has been called by org.fusesource.jansi.internal.JansiLoader in an unnamed module (file:/C:/Users/adamga/.m2/wrapper/dists/apache-maven-3.9.5-bin/32db9c34/apache-maven-3.9.5/lib/jansi-2.4.0.jar)
WARNING: Use --enable-native-access=ALL-UNNAMED to avoid a warning for callers in this module
WARNING: Restricted methods will be blocked in a future release unless native access is enabled

WARNING: A terminally deprecated method in sun.misc.Unsafe has been called
WARNING: sun.misc.Unsafe::objectFieldOffset has been called by com.google.common.util.concurrent.AbstractFuture$UnsafeAtomicHelper (file:/C:/Users/adamga/.m2/wrapper/dists/apache-maven-3.9.5-bin/32db9c34/apache-maven-3.9.5/lib/guava-32.0.1-jre.jar)
WARNING: Please consider reporting this to the maintainers of class com.google.common.util.concurrent.AbstractFuture$UnsafeAtomicHelper
WARNING: sun.misc.Unsafe::objectFieldOffset will be removed in a future release
[INFO] Scanning for projects...
[INFO] 
[INFO] ------------< org.springframework.samples:spring-petclinic >------------
[INFO] Building petclinic 3.2.0-SNAPSHOT
[INFO]   from pom.xml
[INFO] --------------------------------[ jar ]---------------------------------
[INFO] 
[INFO] --- dependency:3.6.1:tree (default-cli) @ spring-petclinic ---
[INFO] Downloading from spring-snapshots: https://repo.spring.io/snapshot/org/eclipse/sisu/org.eclipse.sisu.plexus/0.3.0.M1/org.eclipse.sisu.plexus-0.3.0.M1.pom
[INFO] Downloading from spring-milestones: https://repo.spring.io/milestone/org/eclipse/sisu/org.eclipse.sisu.plexus/0.3.0.M1/org.eclipse.sisu.plexus-0.3.0.M1.pom
[INFO] Downloading from central: https://repo.maven.apache.org/maven2/org/eclipse/sisu/org.eclipse.sisu.plexus/0.3.0.M1/org.eclipse.sisu.plexus-0.3.0.M1.pom
[INFO] Downloaded from central: https://repo.maven.apache.org/maven2/org/eclipse/sisu/org.eclipse.sisu.plexus/0.3.0.M1/org.eclipse.sisu.plexus-0.3.0.M1.pom (4.7 kB at 55 kB/s)
[INFO] Downloading from spring-snapshots: https://repo.spring.io/snapshot/org/eclipse/sisu/sisu-plexus/0.3.0.M1/sisu-plexus-0.3.0.M1.pom
[INFO] Downloading from spring-milestones: https://repo.spring.io/milestone/org/eclipse/sisu/sisu-plexus/0.3.0.M1/sisu-plexus-0.3.0.M1.pom
[INFO] Downloading from central: https://repo.maven.apache.org/maven2/org/eclipse/sisu/sisu-plexus/0.3.0.M1/sisu-plexus-0.3.0.M1.pom
[INFO] Downloaded from central: https://repo.maven.apache.org/maven2/org/eclipse/sisu/sisu-plexus/0.3.0.M1/sisu-plexus-0.3.0.M1.pom (13 kB at 631 kB/s)
[INFO] Downloading from spring-snapshots: https://repo.spring.io/snapshot/javax/enterprise/cdi-api/1.0/cdi-api-1.0.pom
[INFO] Downloading from spring-milestones: https://repo.spring.io/milestone/javax/enterprise/cdi-api/1.0/cdi-api-1.0.pom
[INFO] Downloading from central: https://repo.maven.apache.org/maven2/javax/enterprise/cdi-api/1.0/cdi-api-1.0.pom
[INFO] Downloaded from central: https://repo.maven.apache.org/maven2/javax/enterprise/cdi-api/1.0/cdi-api-1.0.pom (1.4 kB at 62 kB/s)
[INFO] Downloading from spring-snapshots: https://repo.spring.io/snapshot/org/jboss/weld/weld-api-parent/1.0/weld-api-parent-1.0.pom
[INFO] Downloading from spring-milestones: https://repo.spring.io/milestone/org/jboss/weld/weld-api-parent/1.0/weld-api-parent-1.0.pom
[INFO] Downloading from central: https://repo.maven.apache.org/maven2/org/jboss/weld/weld-api-parent/1.0/weld-api-parent-1.0.pom
[INFO] Downloaded from central: https://repo.maven.apache.org/maven2/org/jboss/weld/weld-api-parent/1.0/weld-api-parent-1.0.pom (2.4 kB at 112 kB/s)
[INFO] Downloading from spring-snapshots: https://repo.spring.io/snapshot/org/jboss/weld/weld-api-bom/1.0/weld-api-bom-1.0.pom
[INFO] Downloading from spring-milestones: https://repo.spring.io/milestone/org/jboss/weld/weld-api-bom/1.0/weld-api-bom-1.0.pom
[INFO] Downloading from central: https://repo.maven.apache.org/maven2/org/jboss/weld/weld-api-bom/1.0/weld-api-bom-1.0.pom
[INFO] Downloaded from central: https://repo.maven.apache.org/maven2/org/jboss/weld/weld-api-bom/1.0/weld-api-bom-1.0.pom (7.9 kB at 329 kB/s)
[INFO] Downloading from spring-snapshots: https://repo.spring.io/snapshot/org/jboss/weld/weld-parent/6/weld-parent-6.pom
[INFO] Downloading from spring-milestones: https://repo.spring.io/milestone/org/jboss/weld/weld-parent/6/weld-parent-6.pom
[INFO] Downloading from central: https://repo.maven.apache.org/maven2/org/jboss/weld/weld-parent/6/weld-parent-6.pom
[INFO] Downloaded from central: https://repo.maven.apache.org/maven2/org/jboss/weld/weld-parent/6/weld-parent-6.pom (21 kB at 900 kB/s)
[INFO] Downloading from spring-snapshots: https://repo.spring.io/snapshot/javax/annotation/jsr250-api/1.0/jsr250-api-1.0.pom
[INFO] Downloading from spring-milestones: https://repo.spring.io/milestone/javax/annotation/jsr250-api/1.0/jsr250-api-1.0.pom
[INFO] Downloading from central: https://repo.maven.apache.org/maven2/javax/annotation/jsr250-api/1.0/jsr250-api-1.0.pom
[INFO] Downloaded from central: https://repo.maven.apache.org/maven2/javax/annotation/jsr250-api/1.0/jsr250-api-1.0.pom (1.0 kB at 51 kB/s)
[INFO] Downloading from spring-snapshots: https://repo.spring.io/snapshot/org/eclipse/sisu/org.eclipse.sisu.inject/0.3.0.M1/org.eclipse.sisu.inject-0.3.0.M1.pom
[INFO] Downloading from spring-milestones: https://repo.spring.io/milestone/org/eclipse/sisu/org.eclipse.sisu.inject/0.3.0.M1/org.eclipse.sisu.inject-0.3.0.M1.pom
[INFO] Downloading from central: https://repo.maven.apache.org/maven2/org/eclipse/sisu/org.eclipse.sisu.inject/0.3.0.M1/org.eclipse.sisu.inject-0.3.0.M1.pom
[INFO] Downloaded from central: https://repo.maven.apache.org/maven2/org/eclipse/sisu/org.eclipse.sisu.inject/0.3.0.M1/org.eclipse.sisu.inject-0.3.0.M1.pom (2.5 kB at 106 kB/s)
[INFO] Downloading from spring-snapshots: https://repo.spring.io/snapshot/org/eclipse/sisu/sisu-inject/0.3.0.M1/sisu-inject-0.3.0.M1.pom
[INFO] Downloading from spring-milestones: https://repo.spring.io/milestone/org/eclipse/sisu/sisu-inject/0.3.0.M1/sisu-inject-0.3.0.M1.pom
[INFO] Downloading from central: https://repo.maven.apache.org/maven2/org/eclipse/sisu/sisu-inject/0.3.0.M1/sisu-inject-0.3.0.M1.pom
[INFO] Downloaded from central: https://repo.maven.apache.org/maven2/org/eclipse/sisu/sisu-inject/0.3.0.M1/sisu-inject-0.3.0.M1.pom (14 kB at 650 kB/s)
[INFO] Downloading from spring-snapshots: https://repo.spring.io/snapshot/org/apache/commons/commons-text/1.10.0/commons-text-1.10.0.pom
[INFO] Downloading from spring-milestones: https://repo.spring.io/milestone/org/apache/commons/commons-text/1.10.0/commons-text-1.10.0.pom
[INFO] Downloading from central: https://repo.maven.apache.org/maven2/org/apache/commons/commons-text/1.10.0/commons-text-1.10.0.pom
[INFO] Downloaded from central: https://repo.maven.apache.org/maven2/org/apache/commons/commons-text/1.10.0/commons-text-1.10.0.pom (21 kB at 905 kB/s)
[INFO] Downloading from spring-snapshots: https://repo.spring.io/snapshot/org/apache/commons/commons-parent/54/commons-parent-54.pom
[INFO] Downloading from spring-milestones: https://repo.spring.io/milestone/org/apache/commons/commons-parent/54/commons-parent-54.pom
[INFO] Downloading from central: https://repo.maven.apache.org/maven2/org/apache/commons/commons-parent/54/commons-parent-54.pom
[INFO] Downloaded from central: https://repo.maven.apache.org/maven2/org/apache/commons/commons-parent/54/commons-parent-54.pom (82 kB at 1.7 MB/s)
[INFO] Downloading from spring-snapshots: https://repo.spring.io/snapshot/org/codehaus/plexus/plexus-archiver/4.8.0/plexus-archiver-4.8.0.pom
[INFO] Downloading from spring-milestones: https://repo.spring.io/milestone/org/codehaus/plexus/plexus-archiver/4.8.0/plexus-archiver-4.8.0.pom
[INFO] Downloading from central: https://repo.maven.apache.org/maven2/org/codehaus/plexus/plexus-archiver/4.8.0/plexus-archiver-4.8.0.pom
[INFO] Downloaded from central: https://repo.maven.apache.org/maven2/org/codehaus/plexus/plexus-archiver/4.8.0/plexus-archiver-4.8.0.pom (6.1 kB at 291 kB/s)
[INFO] Downloading from spring-snapshots: https://repo.spring.io/snapshot/org/codehaus/plexus/plexus/14/plexus-14.pom
[INFO] Downloading from spring-milestones: https://repo.spring.io/milestone/org/codehaus/plexus/plexus/14/plexus-14.pom
[INFO] Downloading from central: https://repo.maven.apache.org/maven2/org/codehaus/plexus/plexus/14/plexus-14.pom
[INFO] Downloaded from central: https://repo.maven.apache.org/maven2/org/codehaus/plexus/plexus/14/plexus-14.pom (28 kB at 1.1 MB/s)
[INFO] Downloading from spring-snapshots: https://repo.spring.io/snapshot/org/codehaus/plexus/plexus-io/3.4.1/plexus-io-3.4.1.pom
[INFO] Downloading from spring-milestones: https://repo.spring.io/milestone/org/codehaus/plexus/plexus-io/3.4.1/plexus-io-3.4.1.pom
[INFO] Downloading from central: https://repo.maven.apache.org/maven2/org/codehaus/plexus/plexus-io/3.4.1/plexus-io-3.4.1.pom
[INFO] Downloaded from central: https://repo.maven.apache.org/maven2/org/codehaus/plexus/plexus-io/3.4.1/plexus-io-3.4.1.pom (6.0 kB at 463 kB/s)
[INFO] Downloading from spring-snapshots: https://repo.spring.io/snapshot/com/github/luben/zstd-jni/1.5.5-5/zstd-jni-1.5.5-5.pom
[INFO] Downloading from spring-milestones: https://repo.spring.io/milestone/com/github/luben/zstd-jni/1.5.5-5/zstd-jni-1.5.5-5.pom
[INFO] Downloading from central: https://repo.maven.apache.org/maven2/com/github/luben/zstd-jni/1.5.5-5/zstd-jni-1.5.5-5.pom
[INFO] Downloaded from central: https://repo.maven.apache.org/maven2/com/github/luben/zstd-jni/1.5.5-5/zstd-jni-1.5.5-5.pom (1.9 kB at 96 kB/s)
[INFO] Downloading from spring-snapshots: https://repo.spring.io/snapshot/org/apache/maven/shared/maven-dependency-analyzer/1.13.2/maven-dependency-analyzer-1.13.2.pom
[INFO] Downloading from spring-milestones: https://repo.spring.io/milestone/org/apache/maven/shared/maven-dependency-analyzer/1.13.2/maven-dependency-analyzer-1.13.2.pom
[INFO] Downloading from central: https://repo.maven.apache.org/maven2/org/apache/maven/shared/maven-dependency-analyzer/1.13.2/maven-dependency-analyzer-1.13.2.pom
[INFO] Downloaded from central: https://repo.maven.apache.org/maven2/org/apache/maven/shared/maven-dependency-analyzer/1.13.2/maven-dependency-analyzer-1.13.2.pom (6.4 kB at 357 kB/s)
[INFO] Downloading from spring-snapshots: https://repo.spring.io/snapshot/org/apache/maven/shared/maven-artifact-transfer/0.13.1/maven-artifact-transfer-0.13.1.pom
[INFO] Downloading from spring-milestones: https://repo.spring.io/milestone/org/apache/maven/shared/maven-artifact-transfer/0.13.1/maven-artifact-transfer-0.13.1.pom
[INFO] Downloading from central: https://repo.maven.apache.org/maven2/org/apache/maven/shared/maven-artifact-transfer/0.13.1/maven-artifact-transfer-0.13.1.pom
[INFO] Downloaded from central: https://repo.maven.apache.org/maven2/org/apache/maven/shared/maven-artifact-transfer/0.13.1/maven-artifact-transfer-0.13.1.pom (11 kB at 450 kB/s)
[INFO] Downloading from spring-snapshots: https://repo.spring.io/snapshot/org/apache/maven/maven-core/3.0/maven-core-3.0.pom
[INFO] Downloading from spring-milestones: https://repo.spring.io/milestone/org/apache/maven/maven-core/3.0/maven-core-3.0.pom
[INFO] Downloading from central: https://repo.maven.apache.org/maven2/org/apache/maven/maven-core/3.0/maven-core-3.0.pom
[INFO] Downloaded from central: https://repo.maven.apache.org/maven2/org/apache/maven/maven-core/3.0/maven-core-3.0.pom (6.6 kB at 349 kB/s)
[INFO] Downloading from spring-snapshots: https://repo.spring.io/snapshot/org/apache/maven/maven-model/3.0/maven-model-3.0.pom
[INFO] Downloading from spring-milestones: https://repo.spring.io/milestone/org/apache/maven/maven-model/3.0/maven-model-3.0.pom
[INFO] Downloading from central: https://repo.maven.apache.org/maven2/org/apache/maven/maven-model/3.0/maven-model-3.0.pom
[INFO] Downloaded from central: https://repo.maven.apache.org/maven2/org/apache/maven/maven-model/3.0/maven-model-3.0.pom (3.9 kB at 185 kB/s)
[INFO] Downloading from spring-snapshots: https://repo.spring.io/snapshot/org/apache/maven/maven-settings/3.0/maven-settings-3.0.pom
[INFO] Downloading from spring-milestones: https://repo.spring.io/milestone/org/apache/maven/maven-settings/3.0/maven-settings-3.0.pom
[INFO] Downloading from central: https://repo.maven.apache.org/maven2/org/apache/maven/maven-settings/3.0/maven-settings-3.0.pom
[INFO] Downloaded from central: https://repo.maven.apache.org/maven2/org/apache/maven/maven-settings/3.0/maven-settings-3.0.pom (1.9 kB at 82 kB/s)
[INFO] Downloading from spring-snapshots: https://repo.spring.io/snapshot/org/apache/maven/maven-settings-builder/3.0/maven-settings-builder-3.0.pom
[INFO] Downloading from spring-milestones: https://repo.spring.io/milestone/org/apache/maven/maven-settings-builder/3.0/maven-settings-builder-3.0.pom
[INFO] Downloading from central: https://repo.maven.apache.org/maven2/org/apache/maven/maven-settings-builder/3.0/maven-settings-builder-3.0.pom
[INFO] Downloaded from central: https://repo.maven.apache.org/maven2/org/apache/maven/maven-settings-builder/3.0/maven-settings-builder-3.0.pom (2.2 kB at 101 kB/s)
[INFO] Downloading from spring-snapshots: https://repo.spring.io/snapshot/org/codehaus/plexus/plexus-interpolation/1.14/plexus-interpolation-1.14.pom
[INFO] Downloading from spring-milestones: https://repo.spring.io/milestone/org/codehaus/plexus/plexus-interpolation/1.14/plexus-interpolation-1.14.pom
[INFO] Downloading from central: https://repo.maven.apache.org/maven2/org/codehaus/plexus/plexus-interpolation/1.14/plexus-interpolation-1.14.pom
[INFO] Downloaded from central: https://repo.maven.apache.org/maven2/org/codehaus/plexus/plexus-interpolation/1.14/plexus-interpolation-1.14.pom (910 B at 46 kB/s)
[INFO] Downloading from spring-snapshots: https://repo.spring.io/snapshot/org/codehaus/plexus/plexus-components/1.1.18/plexus-components-1.1.18.pom
[INFO] Downloading from spring-milestones: https://repo.spring.io/milestone/org/codehaus/plexus/plexus-components/1.1.18/plexus-components-1.1.18.pom
[INFO] Downloading from central: https://repo.maven.apache.org/maven2/org/codehaus/plexus/plexus-components/1.1.18/plexus-components-1.1.18.pom
[INFO] Downloaded from central: https://repo.maven.apache.org/maven2/org/codehaus/plexus/plexus-components/1.1.18/plexus-components-1.1.18.pom (5.4 kB at 243 kB/s)
[INFO] Downloading from spring-snapshots: https://repo.spring.io/snapshot/org/apache/maven/maven-repository-metadata/3.0/maven-repository-metadata-3.0.pom
[INFO] Downloading from spring-milestones: https://repo.spring.io/milestone/org/apache/maven/maven-repository-metadata/3.0/maven-repository-metadata-3.0.pom
[INFO] Downloading from central: https://repo.maven.apache.org/maven2/org/apache/maven/maven-repository-metadata/3.0/maven-repository-metadata-3.0.pom
[INFO] Downloaded from central: https://repo.maven.apache.org/maven2/org/apache/maven/maven-repository-metadata/3.0/maven-repository-metadata-3.0.pom (1.9 kB at 102 kB/s)
[INFO] Downloading from spring-snapshots: https://repo.spring.io/snapshot/org/apache/maven/maven-plugin-api/3.0/maven-plugin-api-3.0.pom
[INFO] Downloading from spring-milestones: https://repo.spring.io/milestone/org/apache/maven/maven-plugin-api/3.0/maven-plugin-api-3.0.pom
[INFO] Downloading from central: https://repo.maven.apache.org/maven2/org/apache/maven/maven-plugin-api/3.0/maven-plugin-api-3.0.pom
[INFO] Downloaded from central: https://repo.maven.apache.org/maven2/org/apache/maven/maven-plugin-api/3.0/maven-plugin-api-3.0.pom (2.3 kB at 104 kB/s)
[INFO] Downloading from spring-snapshots: https://repo.spring.io/snapshot/org/sonatype/sisu/sisu-inject-plexus/1.4.2/sisu-inject-plexus-1.4.2.pom
[INFO] Downloading from spring-milestones: https://repo.spring.io/milestone/org/sonatype/sisu/sisu-inject-plexus/1.4.2/sisu-inject-plexus-1.4.2.pom
[INFO] Downloading from central: https://repo.maven.apache.org/maven2/org/sonatype/sisu/sisu-inject-plexus/1.4.2/sisu-inject-plexus-1.4.2.pom
[INFO] Downloaded from central: https://repo.maven.apache.org/maven2/org/sonatype/sisu/sisu-inject-plexus/1.4.2/sisu-inject-plexus-1.4.2.pom (5.4 kB at 316 kB/s)
[INFO] Downloading from spring-snapshots: https://repo.spring.io/snapshot/org/sonatype/sisu/inject/guice-plexus/1.4.2/guice-plexus-1.4.2.pom
[INFO] Downloading from spring-milestones: https://repo.spring.io/milestone/org/sonatype/sisu/inject/guice-plexus/1.4.2/guice-plexus-1.4.2.pom
[INFO] Downloading from central: https://repo.maven.apache.org/maven2/org/sonatype/sisu/inject/guice-plexus/1.4.2/guice-plexus-1.4.2.pom
[INFO] Downloaded from central: https://repo.maven.apache.org/maven2/org/sonatype/sisu/inject/guice-plexus/1.4.2/guice-plexus-1.4.2.pom (3.1 kB at 261 kB/s)
[INFO] Downloading from spring-snapshots: https://repo.spring.io/snapshot/org/sonatype/sisu/inject/guice-bean/1.4.2/guice-bean-1.4.2.pom
[INFO] Downloading from spring-milestones: https://repo.spring.io/milestone/org/sonatype/sisu/inject/guice-bean/1.4.2/guice-bean-1.4.2.pom
[INFO] Downloading from central: https://repo.maven.apache.org/maven2/org/sonatype/sisu/inject/guice-bean/1.4.2/guice-bean-1.4.2.pom
[INFO] Downloaded from central: https://repo.maven.apache.org/maven2/org/sonatype/sisu/inject/guice-bean/1.4.2/guice-bean-1.4.2.pom (2.6 kB at 124 kB/s)
[INFO] Downloading from spring-snapshots: https://repo.spring.io/snapshot/org/sonatype/sisu/sisu-inject/1.4.2/sisu-inject-1.4.2.pom
[INFO] Downloading from spring-milestones: https://repo.spring.io/milestone/org/sonatype/sisu/sisu-inject/1.4.2/sisu-inject-1.4.2.pom
[INFO] Downloading from central: https://repo.maven.apache.org/maven2/org/sonatype/sisu/sisu-inject/1.4.2/sisu-inject-1.4.2.pom
[INFO] Downloaded from central: https://repo.maven.apache.org/maven2/org/sonatype/sisu/sisu-inject/1.4.2/sisu-inject-1.4.2.pom (1.2 kB at 59 kB/s)
[INFO] Downloading from spring-snapshots: https://repo.spring.io/snapshot/org/sonatype/sisu/sisu-parent/1.4.2/sisu-parent-1.4.2.pom
[INFO] Downloading from spring-milestones: https://repo.spring.io/milestone/org/sonatype/sisu/sisu-parent/1.4.2/sisu-parent-1.4.2.pom
[INFO] Downloading from central: https://repo.maven.apache.org/maven2/org/sonatype/sisu/sisu-parent/1.4.2/sisu-parent-1.4.2.pom
[INFO] Downloaded from central: https://repo.maven.apache.org/maven2/org/sonatype/sisu/sisu-parent/1.4.2/sisu-parent-1.4.2.pom (7.8 kB at 389 kB/s)
[INFO] Downloading from spring-snapshots: https://repo.spring.io/snapshot/org/sonatype/forge/forge-parent/6/forge-parent-6.pom
[INFO] Downloading from spring-milestones: https://repo.spring.io/milestone/org/sonatype/forge/forge-parent/6/forge-parent-6.pom
[INFO] Downloading from central: https://repo.maven.apache.org/maven2/org/sonatype/forge/forge-parent/6/forge-parent-6.pom
[INFO] Downloaded from central: https://repo.maven.apache.org/maven2/org/sonatype/forge/forge-parent/6/forge-parent-6.pom (11 kB at 717 kB/s)
[INFO] Downloading from spring-snapshots: https://repo.spring.io/snapshot/org/codehaus/plexus/plexus-component-annotations/1.5.4/plexus-component-annotations-1.5.4.pom
[INFO] Downloading from spring-milestones: https://repo.spring.io/milestone/org/codehaus/plexus/plexus-component-annotations/1.5.4/plexus-component-annotations-1.5.4.pom
[INFO] Downloading from central: https://repo.maven.apache.org/maven2/org/codehaus/plexus/plexus-component-annotations/1.5.4/plexus-component-annotations-1.5.4.pom
[INFO] Downloaded from central: https://repo.maven.apache.org/maven2/org/codehaus/plexus/plexus-component-annotations/1.5.4/plexus-component-annotations-1.5.4.pom (815 B at 35 kB/s)
[INFO] Downloading from spring-snapshots: https://repo.spring.io/snapshot/org/codehaus/plexus/plexus-containers/1.5.4/plexus-containers-1.5.4.pom
[INFO] Downloading from spring-milestones: https://repo.spring.io/milestone/org/codehaus/plexus/plexus-containers/1.5.4/plexus-containers-1.5.4.pom
[INFO] Downloading from central: https://repo.maven.apache.org/maven2/org/codehaus/plexus/plexus-containers/1.5.4/plexus-containers-1.5.4.pom
[INFO] Downloaded from central: https://repo.maven.apache.org/maven2/org/codehaus/plexus/plexus-containers/1.5.4/plexus-containers-1.5.4.pom (4.2 kB at 193 kB/s)
[INFO] Downloading from spring-snapshots: https://repo.spring.io/snapshot/org/codehaus/plexus/plexus/2.0.5/plexus-2.0.5.pom
[INFO] Downloading from spring-milestones: https://repo.spring.io/milestone/org/codehaus/plexus/plexus/2.0.5/plexus-2.0.5.pom
[INFO] Downloading from central: https://repo.maven.apache.org/maven2/org/codehaus/plexus/plexus/2.0.5/plexus-2.0.5.pom
[INFO] Downloaded from central: https://repo.maven.apache.org/maven2/org/codehaus/plexus/plexus/2.0.5/plexus-2.0.5.pom (17 kB at 620 kB/s)
[INFO] Downloading from spring-snapshots: https://repo.spring.io/snapshot/org/codehaus/plexus/plexus-classworlds/2.2.3/plexus-classworlds-2.2.3.pom
[INFO] Downloading from spring-milestones: https://repo.spring.io/milestone/org/codehaus/plexus/plexus-classworlds/2.2.3/plexus-classworlds-2.2.3.pom
[INFO] Downloading from central: https://repo.maven.apache.org/maven2/org/codehaus/plexus/plexus-classworlds/2.2.3/plexus-classworlds-2.2.3.pom
[INFO] Downloaded from central: https://repo.maven.apache.org/maven2/org/codehaus/plexus/plexus-classworlds/2.2.3/plexus-classworlds-2.2.3.pom (4.0 kB at 222 kB/s)
[INFO] Downloading from spring-snapshots: https://repo.spring.io/snapshot/org/codehaus/plexus/plexus/2.0.6/plexus-2.0.6.pom
[INFO] Downloading from spring-milestones: https://repo.spring.io/milestone/org/codehaus/plexus/plexus/2.0.6/plexus-2.0.6.pom
[INFO] Downloading from central: https://repo.maven.apache.org/maven2/org/codehaus/plexus/plexus/2.0.6/plexus-2.0.6.pom
[INFO] Downloaded from central: https://repo.maven.apache.org/maven2/org/codehaus/plexus/plexus/2.0.6/plexus-2.0.6.pom (17 kB at 698 kB/s)
[INFO] Downloading from spring-snapshots: https://repo.spring.io/snapshot/org/sonatype/sisu/sisu-inject-bean/1.4.2/sisu-inject-bean-1.4.2.pom
[INFO] Downloading from spring-milestones: https://repo.spring.io/milestone/org/sonatype/sisu/sisu-inject-bean/1.4.2/sisu-inject-bean-1.4.2.pom
[INFO] Downloading from central: https://repo.maven.apache.org/maven2/org/sonatype/sisu/sisu-inject-bean/1.4.2/sisu-inject-bean-1.4.2.pom
[INFO] Downloaded from central: https://repo.maven.apache.org/maven2/org/sonatype/sisu/sisu-inject-bean/1.4.2/sisu-inject-bean-1.4.2.pom (5.5 kB at 248 kB/s)
[INFO] Downloading from spring-snapshots: https://repo.spring.io/snapshot/org/sonatype/sisu/sisu-guice/2.1.7/sisu-guice-2.1.7.pom
[INFO] Downloading from spring-milestones: https://repo.spring.io/milestone/org/sonatype/sisu/sisu-guice/2.1.7/sisu-guice-2.1.7.pom
[INFO] Downloading from central: https://repo.maven.apache.org/maven2/org/sonatype/sisu/sisu-guice/2.1.7/sisu-guice-2.1.7.pom
[INFO] Downloaded from central: https://repo.maven.apache.org/maven2/org/sonatype/sisu/sisu-guice/2.1.7/sisu-guice-2.1.7.pom (11 kB at 553 kB/s)
[INFO] Downloading from spring-snapshots: https://repo.spring.io/snapshot/org/apache/maven/maven-model-builder/3.0/maven-model-builder-3.0.pom
[INFO] Downloading from spring-milestones: https://repo.spring.io/milestone/org/apache/maven/maven-model-builder/3.0/maven-model-builder-3.0.pom
[INFO] Downloading from central: https://repo.maven.apache.org/maven2/org/apache/maven/maven-model-builder/3.0/maven-model-builder-3.0.pom
[INFO] Downloaded from central: https://repo.maven.apache.org/maven2/org/apache/maven/maven-model-builder/3.0/maven-model-builder-3.0.pom (2.2 kB at 98 kB/s)
[INFO] Downloading from spring-snapshots: https://repo.spring.io/snapshot/org/apache/maven/maven-aether-provider/3.0/maven-aether-provider-3.0.pom
[INFO] Downloading from spring-milestones: https://repo.spring.io/milestone/org/apache/maven/maven-aether-provider/3.0/maven-aether-provider-3.0.pom
[INFO] Downloading from central: https://repo.maven.apache.org/maven2/org/apache/maven/maven-aether-provider/3.0/maven-aether-provider-3.0.pom
[INFO] Downloaded from central: https://repo.maven.apache.org/maven2/org/apache/maven/maven-aether-provider/3.0/maven-aether-provider-3.0.pom (2.5 kB at 118 kB/s)
[INFO] Downloading from spring-snapshots: https://repo.spring.io/snapshot/org/sonatype/aether/aether-api/1.7/aether-api-1.7.pom
[INFO] Downloading from spring-milestones: https://repo.spring.io/milestone/org/sonatype/aether/aether-api/1.7/aether-api-1.7.pom
[INFO] Downloading from central: https://repo.maven.apache.org/maven2/org/sonatype/aether/aether-api/1.7/aether-api-1.7.pom
[INFO] Downloaded from central: https://repo.maven.apache.org/maven2/org/sonatype/aether/aether-api/1.7/aether-api-1.7.pom (1.7 kB at 98 kB/s)
[INFO] Downloading from spring-snapshots: https://repo.spring.io/snapshot/org/sonatype/aether/aether-parent/1.7/aether-parent-1.7.pom
[INFO] Downloading from spring-milestones: https://repo.spring.io/milestone/org/sonatype/aether/aether-parent/1.7/aether-parent-1.7.pom
[INFO] Downloading from central: https://repo.maven.apache.org/maven2/org/sonatype/aether/aether-parent/1.7/aether-parent-1.7.pom
[INFO] Downloaded from central: https://repo.maven.apache.org/maven2/org/sonatype/aether/aether-parent/1.7/aether-parent-1.7.pom (7.7 kB at 407 kB/s)
[INFO] Downloading from spring-snapshots: https://repo.spring.io/snapshot/org/sonatype/aether/aether-util/1.7/aether-util-1.7.pom
[INFO] Downloading from spring-milestones: https://repo.spring.io/milestone/org/sonatype/aether/aether-util/1.7/aether-util-1.7.pom
[INFO] Downloading from central: https://repo.maven.apache.org/maven2/org/sonatype/aether/aether-util/1.7/aether-util-1.7.pom
[INFO] Downloaded from central: https://repo.maven.apache.org/maven2/org/sonatype/aether/aether-util/1.7/aether-util-1.7.pom (2.1 kB at 121 kB/s)
[INFO] Downloading from spring-snapshots: https://repo.spring.io/snapshot/org/sonatype/aether/aether-impl/1.7/aether-impl-1.7.pom
[INFO] Downloading from spring-milestones: https://repo.spring.io/milestone/org/sonatype/aether/aether-impl/1.7/aether-impl-1.7.pom
[INFO] Downloading from central: https://repo.maven.apache.org/maven2/org/sonatype/aether/aether-impl/1.7/aether-impl-1.7.pom
[INFO] Downloaded from central: https://repo.maven.apache.org/maven2/org/sonatype/aether/aether-impl/1.7/aether-impl-1.7.pom (3.7 kB at 194 kB/s)
[INFO] Downloading from spring-snapshots: https://repo.spring.io/snapshot/org/sonatype/aether/aether-spi/1.7/aether-spi-1.7.pom
[INFO] Downloading from spring-milestones: https://repo.spring.io/milestone/org/sonatype/aether/aether-spi/1.7/aether-spi-1.7.pom
[INFO] Downloading from central: https://repo.maven.apache.org/maven2/org/sonatype/aether/aether-spi/1.7/aether-spi-1.7.pom
[INFO] Downloaded from central: https://repo.maven.apache.org/maven2/org/sonatype/aether/aether-spi/1.7/aether-spi-1.7.pom (1.7 kB at 97 kB/s)
[INFO] Downloading from spring-snapshots: https://repo.spring.io/snapshot/org/apache/maven/shared/maven-common-artifact-filters/3.1.0/maven-common-artifact-filters-3.1.0.pom
[INFO] Downloading from spring-milestones: https://repo.spring.io/milestone/org/apache/maven/shared/maven-common-artifact-filters/3.1.0/maven-common-artifact-filters-3.1.0.pom
[INFO] Downloading from central: https://repo.maven.apache.org/maven2/org/apache/maven/shared/maven-common-artifact-filters/3.1.0/maven-common-artifact-filters-3.1.0.pom
[INFO] Downloaded from central: https://repo.maven.apache.org/maven2/org/apache/maven/shared/maven-common-artifact-filters/3.1.0/maven-common-artifact-filters-3.1.0.pom (5.3 kB at 240 kB/s)
[INFO] Downloading from spring-snapshots: https://repo.spring.io/snapshot/org/apache/maven/shared/maven-shared-components/33/maven-shared-components-33.pom
[INFO] Downloading from spring-milestones: https://repo.spring.io/milestone/org/apache/maven/shared/maven-shared-components/33/maven-shared-components-33.pom
[INFO] Downloading from central: https://repo.maven.apache.org/maven2/org/apache/maven/shared/maven-shared-components/33/maven-shared-components-33.pom
[INFO] Downloaded from central: https://repo.maven.apache.org/maven2/org/apache/maven/shared/maven-shared-components/33/maven-shared-components-33.pom (5.1 kB at 232 kB/s)
[INFO] Downloading from spring-snapshots: https://repo.spring.io/snapshot/org/apache/maven/shared/maven-shared-utils/3.1.0/maven-shared-utils-3.1.0.pom
[INFO] Downloading from spring-milestones: https://repo.spring.io/milestone/org/apache/maven/shared/maven-shared-utils/3.1.0/maven-shared-utils-3.1.0.pom
[INFO] Downloading from central: https://repo.maven.apache.org/maven2/org/apache/maven/shared/maven-shared-utils/3.1.0/maven-shared-utils-3.1.0.pom
[INFO] Downloaded from central: https://repo.maven.apache.org/maven2/org/apache/maven/shared/maven-shared-utils/3.1.0/maven-shared-utils-3.1.0.pom (5.0 kB at 277 kB/s)
[INFO] Downloading from spring-snapshots: https://repo.spring.io/snapshot/org/slf4j/slf4j-api/1.7.5/slf4j-api-1.7.5.pom
[INFO] Downloading from spring-milestones: https://repo.spring.io/milestone/org/slf4j/slf4j-api/1.7.5/slf4j-api-1.7.5.pom
[INFO] Downloading from central: https://repo.maven.apache.org/maven2/org/slf4j/slf4j-api/1.7.5/slf4j-api-1.7.5.pom
[INFO] Downloaded from central: https://repo.maven.apache.org/maven2/org/slf4j/slf4j-api/1.7.5/slf4j-api-1.7.5.pom (2.7 kB at 128 kB/s)
[INFO] Downloading from spring-snapshots: https://repo.spring.io/snapshot/org/slf4j/slf4j-parent/1.7.5/slf4j-parent-1.7.5.pom
[INFO] Downloading from spring-milestones: https://repo.spring.io/milestone/org/slf4j/slf4j-parent/1.7.5/slf4j-parent-1.7.5.pom
[INFO] Downloading from central: https://repo.maven.apache.org/maven2/org/slf4j/slf4j-parent/1.7.5/slf4j-parent-1.7.5.pom
[INFO] Downloaded from central: https://repo.maven.apache.org/maven2/org/slf4j/slf4j-parent/1.7.5/slf4j-parent-1.7.5.pom (12 kB at 656 kB/s)
[INFO] Downloading from spring-snapshots: https://repo.spring.io/snapshot/org/eclipse/sisu/org.eclipse.sisu.plexus/0.3.0.M1/org.eclipse.sisu.plexus-0.3.0.M1.jar
[INFO] Downloading from spring-snapshots: https://repo.spring.io/snapshot/javax/enterprise/cdi-api/1.0/cdi-api-1.0.jar
[INFO] Downloading from spring-snapshots: https://repo.spring.io/snapshot/org/eclipse/sisu/org.eclipse.sisu.inject/0.3.0.M1/org.eclipse.sisu.inject-0.3.0.M1.jar
[INFO] Downloading from spring-snapshots: https://repo.spring.io/snapshot/javax/annotation/jsr250-api/1.0/jsr250-api-1.0.jar
[INFO] Downloading from spring-snapshots: https://repo.spring.io/snapshot/org/codehaus/plexus/plexus-interpolation/1.16/plexus-interpolation-1.16.jar
[INFO] Downloading from spring-snapshots: https://repo.spring.io/snapshot/org/apache/commons/commons-lang3/3.8.1/commons-lang3-3.8.1.jar
[INFO] Downloading from spring-snapshots: https://repo.spring.io/snapshot/org/apache/commons/commons-text/1.10.0/commons-text-1.10.0.jar
[INFO] Downloading from spring-snapshots: https://repo.spring.io/snapshot/commons-beanutils/commons-beanutils/1.7.0/commons-beanutils-1.7.0.jar
[INFO] Downloading from spring-snapshots: https://repo.spring.io/snapshot/org/codehaus/plexus/plexus-archiver/4.8.0/plexus-archiver-4.8.0.jar
[INFO] Downloading from spring-snapshots: https://repo.spring.io/snapshot/com/github/luben/zstd-jni/1.5.5-5/zstd-jni-1.5.5-5.jar
[INFO] Downloading from spring-snapshots: https://repo.spring.io/snapshot/org/codehaus/plexus/plexus-io/3.4.1/plexus-io-3.4.1.jar
[INFO] Downloading from spring-snapshots: https://repo.spring.io/snapshot/org/apache/maven/shared/maven-dependency-analyzer/1.13.2/maven-dependency-analyzer-1.13.2.jar
[INFO] Downloading from spring-snapshots: https://repo.spring.io/snapshot/org/apache/maven/maven-model/3.2.5/maven-model-3.2.5.jar
[INFO] Downloading from spring-snapshots: https://repo.spring.io/snapshot/org/apache/maven/shared/maven-artifact-transfer/0.13.1/maven-artifact-transfer-0.13.1.jar
[INFO] Downloading from spring-snapshots: https://repo.spring.io/snapshot/org/codehaus/plexus/plexus-component-annotations/2.0.0/plexus-component-annotations-2.0.0.jar
[INFO] Downloading from spring-milestones: https://repo.spring.io/milestone/org/eclipse/sisu/org.eclipse.sisu.plexus/0.3.0.M1/org.eclipse.sisu.plexus-0.3.0.M1.jar
[INFO] Downloading from spring-milestones: https://repo.spring.io/milestone/javax/enterprise/cdi-api/1.0/cdi-api-1.0.jar
[INFO] Downloading from spring-milestones: https://repo.spring.io/milestone/org/codehaus/plexus/plexus-interpolation/1.16/plexus-interpolation-1.16.jar
[INFO] Downloading from spring-milestones: https://repo.spring.io/milestone/org/apache/commons/commons-lang3/3.8.1/commons-lang3-3.8.1.jar
[INFO] Downloading from spring-milestones: https://repo.spring.io/milestone/javax/annotation/jsr250-api/1.0/jsr250-api-1.0.jar
[INFO] Downloading from spring-milestones: https://repo.spring.io/milestone/org/eclipse/sisu/org.eclipse.sisu.inject/0.3.0.M1/org.eclipse.sisu.inject-0.3.0.M1.jar
[INFO] Downloading from spring-milestones: https://repo.spring.io/milestone/org/apache/commons/commons-text/1.10.0/commons-text-1.10.0.jar
[INFO] Downloading from spring-milestones: https://repo.spring.io/milestone/commons-beanutils/commons-beanutils/1.7.0/commons-beanutils-1.7.0.jar
[INFO] Downloading from spring-milestones: https://repo.spring.io/milestone/org/codehaus/plexus/plexus-archiver/4.8.0/plexus-archiver-4.8.0.jar
[INFO] Downloading from spring-milestones: https://repo.spring.io/milestone/com/github/luben/zstd-jni/1.5.5-5/zstd-jni-1.5.5-5.jar
[INFO] Downloading from spring-milestones: https://repo.spring.io/milestone/org/codehaus/plexus/plexus-io/3.4.1/plexus-io-3.4.1.jar
[INFO] Downloading from spring-milestones: https://repo.spring.io/milestone/org/apache/maven/shared/maven-dependency-analyzer/1.13.2/maven-dependency-analyzer-1.13.2.jar
[INFO] Downloading from spring-milestones: https://repo.spring.io/milestone/org/apache/maven/maven-model/3.2.5/maven-model-3.2.5.jar
[INFO] Downloading from spring-milestones: https://repo.spring.io/milestone/org/apache/maven/shared/maven-artifact-transfer/0.13.1/maven-artifact-transfer-0.13.1.jar
[INFO] Downloading from spring-milestones: https://repo.spring.io/milestone/org/codehaus/plexus/plexus-component-annotations/2.0.0/plexus-component-annotations-2.0.0.jar
[INFO] Downloading from central: https://repo.maven.apache.org/maven2/org/eclipse/sisu/org.eclipse.sisu.plexus/0.3.0.M1/org.eclipse.sisu.plexus-0.3.0.M1.jar
[INFO] Downloaded from central: https://repo.maven.apache.org/maven2/org/eclipse/sisu/org.eclipse.sisu.plexus/0.3.0.M1/org.eclipse.sisu.plexus-0.3.0.M1.jar (201 kB at 4.3 MB/s)
[INFO] Downloading from central: https://repo.maven.apache.org/maven2/javax/enterprise/cdi-api/1.0/cdi-api-1.0.jar
[INFO] Downloading from central: https://repo.maven.apache.org/maven2/org/eclipse/sisu/org.eclipse.sisu.inject/0.3.0.M1/org.eclipse.sisu.inject-0.3.0.M1.jar
[INFO] Downloading from central: https://repo.maven.apache.org/maven2/org/apache/commons/commons-lang3/3.8.1/commons-lang3-3.8.1.jar
[INFO] Downloading from central: https://repo.maven.apache.org/maven2/javax/annotation/jsr250-api/1.0/jsr250-api-1.0.jar
[INFO] Downloading from central: https://repo.maven.apache.org/maven2/org/codehaus/plexus/plexus-interpolation/1.16/plexus-interpolation-1.16.jar
[INFO] Downloaded from central: https://repo.maven.apache.org/maven2/javax/enterprise/cdi-api/1.0/cdi-api-1.0.jar (45 kB at 1.7 MB/s)
[INFO] Downloading from central: https://repo.maven.apache.org/maven2/org/apache/commons/commons-text/1.10.0/commons-text-1.10.0.jar
[INFO] Downloaded from central: https://repo.maven.apache.org/maven2/org/apache/commons/commons-text/1.10.0/commons-text-1.10.0.jar (238 kB at 2.9 MB/s)
[INFO] Downloading from central: https://repo.maven.apache.org/maven2/commons-beanutils/commons-beanutils/1.7.0/commons-beanutils-1.7.0.jar
[INFO] Downloaded from central: https://repo.maven.apache.org/maven2/javax/annotation/jsr250-api/1.0/jsr250-api-1.0.jar (5.8 kB at 72 kB/s)
[INFO] Downloading from central: https://repo.maven.apache.org/maven2/org/codehaus/plexus/plexus-archiver/4.8.0/plexus-archiver-4.8.0.jar
[INFO] Downloaded from central: https://repo.maven.apache.org/maven2/org/codehaus/plexus/plexus-interpolation/1.16/plexus-interpolation-1.16.jar (61 kB at 705 kB/s)
[INFO] Downloading from central: https://repo.maven.apache.org/maven2/com/github/luben/zstd-jni/1.5.5-5/zstd-jni-1.5.5-5.jar
[INFO] Downloaded from central: https://repo.maven.apache.org/maven2/org/eclipse/sisu/org.eclipse.sisu.inject/0.3.0.M1/org.eclipse.sisu.inject-0.3.0.M1.jar (340 kB at 2.7 MB/s)
[INFO] Downloading from central: https://repo.maven.apache.org/maven2/org/codehaus/plexus/plexus-io/3.4.1/plexus-io-3.4.1.jar
[INFO] Downloaded from central: https://repo.maven.apache.org/maven2/org/codehaus/plexus/plexus-archiver/4.8.0/plexus-archiver-4.8.0.jar (224 kB at 1.6 MB/s)
[INFO] Downloading from central: https://repo.maven.apache.org/maven2/org/apache/maven/shared/maven-dependency-analyzer/1.13.2/maven-dependency-analyzer-1.13.2.jar
[INFO] Downloaded from central: https://repo.maven.apache.org/maven2/org/apache/commons/commons-lang3/3.8.1/commons-lang3-3.8.1.jar (502 kB at 3.3 MB/s)
[INFO] Downloading from central: https://repo.maven.apache.org/maven2/org/apache/maven/maven-model/3.2.5/maven-model-3.2.5.jar
[INFO] Downloaded from central: https://repo.maven.apache.org/maven2/org/codehaus/plexus/plexus-io/3.4.1/plexus-io-3.4.1.jar (79 kB at 512 kB/s)
[INFO] Downloading from central: https://repo.maven.apache.org/maven2/org/apache/maven/shared/maven-artifact-transfer/0.13.1/maven-artifact-transfer-0.13.1.jar
[INFO] Downloaded from central: https://repo.maven.apache.org/maven2/org/apache/maven/shared/maven-dependency-analyzer/1.13.2/maven-dependency-analyzer-1.13.2.jar (39 kB at 248 kB/s)
[INFO] Downloading from central: https://repo.maven.apache.org/maven2/org/codehaus/plexus/plexus-component-annotations/2.0.0/plexus-component-annotations-2.0.0.jar
[INFO] Downloaded from central: https://repo.maven.apache.org/maven2/commons-beanutils/commons-beanutils/1.7.0/commons-beanutils-1.7.0.jar (189 kB at 1.2 MB/s)
[INFO] Downloaded from central: https://repo.maven.apache.org/maven2/org/codehaus/plexus/plexus-component-annotations/2.0.0/plexus-component-annotations-2.0.0.jar (4.2 kB at 23 kB/s)
[INFO] Downloaded from central: https://repo.maven.apache.org/maven2/org/apache/maven/shared/maven-artifact-transfer/0.13.1/maven-artifact-transfer-0.13.1.jar (159 kB at 834 kB/s)
[INFO] Downloaded from central: https://repo.maven.apache.org/maven2/org/apache/maven/maven-model/3.2.5/maven-model-3.2.5.jar (161 kB at 837 kB/s)
[INFO] Downloaded from central: https://repo.maven.apache.org/maven2/com/github/luben/zstd-jni/1.5.5-5/zstd-jni-1.5.5-5.jar (5.9 MB at 19 MB/s)
[INFO] org.springframework.samples:spring-petclinic:jar:3.2.0-SNAPSHOT
[INFO] +- org.springframework.boot:spring-boot-starter-actuator:jar:3.2.1:compile
[INFO] |  +- org.springframework.boot:spring-boot-starter:jar:3.2.1:compile
[INFO] |  |  +- org.springframework.boot:spring-boot-starter-logging:jar:3.2.1:compile
[INFO] |  |  |  +- ch.qos.logback:logback-classic:jar:1.4.14:compile
[INFO] |  |  |  |  \- ch.qos.logback:logback-core:jar:1.4.14:compile
[INFO] |  |  |  +- org.apache.logging.log4j:log4j-to-slf4j:jar:2.21.1:compile
[INFO] |  |  |  |  \- org.apache.logging.log4j:log4j-api:jar:2.21.1:compile
[INFO] |  |  |  \- org.slf4j:jul-to-slf4j:jar:2.0.9:compile
[INFO] |  |  +- jakarta.annotation:jakarta.annotation-api:jar:2.1.1:compile
[INFO] |  |  \- org.yaml:snakeyaml:jar:2.2:compile
[INFO] |  +- org.springframework.boot:spring-boot-actuator-autoconfigure:jar:3.2.1:compile
[INFO] |  |  +- org.springframework.boot:spring-boot-actuator:jar:3.2.1:compile
[INFO] |  |  \- com.fasterxml.jackson.datatype:jackson-datatype-jsr310:jar:2.15.3:compile
[INFO] |  +- io.micrometer:micrometer-observation:jar:1.12.1:compile
[INFO] |  |  \- io.micrometer:micrometer-commons:jar:1.12.1:compile
[INFO] |  \- io.micrometer:micrometer-jakarta9:jar:1.12.1:compile
[INFO] |     \- io.micrometer:micrometer-core:jar:1.12.1:compile
[INFO] |        +- org.hdrhistogram:HdrHistogram:jar:2.1.12:runtime
[INFO] |        \- org.latencyutils:LatencyUtils:jar:2.0.3:runtime
[INFO] +- org.springframework.boot:spring-boot-starter-cache:jar:3.2.1:compile
[INFO] |  \- org.springframework:spring-context-support:jar:6.1.2:compile
[INFO] |     +- org.springframework:spring-beans:jar:6.1.2:compile
[INFO] |     \- org.springframework:spring-context:jar:6.1.2:compile
[INFO] +- org.springframework.boot:spring-boot-starter-data-jpa:jar:3.2.1:compile
[INFO] |  +- org.springframework.boot:spring-boot-starter-aop:jar:3.2.1:compile
[INFO] |  |  +- org.springframework:spring-aop:jar:6.1.2:compile
[INFO] |  |  \- org.aspectj:aspectjweaver:jar:1.9.21:compile
[INFO] |  +- org.springframework.boot:spring-boot-starter-jdbc:jar:3.2.1:compile
[INFO] |  |  +- com.zaxxer:HikariCP:jar:5.0.1:compile
[INFO] |  |  \- org.springframework:spring-jdbc:jar:6.1.2:compile
[INFO] |  +- org.hibernate.orm:hibernate-core:jar:6.4.1.Final:compile
[INFO] |  |  +- jakarta.persistence:jakarta.persistence-api:jar:3.1.0:compile
[INFO] |  |  +- jakarta.transaction:jakarta.transaction-api:jar:2.0.1:compile
[INFO] |  |  +- org.jboss.logging:jboss-logging:jar:3.5.3.Final:compile
[INFO] |  |  +- org.hibernate.common:hibernate-commons-annotations:jar:6.0.6.Final:runtime
[INFO] |  |  +- io.smallrye:jandex:jar:3.1.2:runtime
[INFO] |  |  +- com.fasterxml:classmate:jar:1.6.0:compile
[INFO] |  |  +- net.bytebuddy:byte-buddy:jar:1.14.10:runtime
[INFO] |  |  +- org.glassfish.jaxb:jaxb-runtime:jar:4.0.4:runtime
[INFO] |  |  |  \- org.glassfish.jaxb:jaxb-core:jar:4.0.4:runtime
[INFO] |  |  |     +- org.eclipse.angus:angus-activation:jar:2.0.1:runtime
[INFO] |  |  |     +- org.glassfish.jaxb:txw2:jar:4.0.4:runtime
[INFO] |  |  |     \- com.sun.istack:istack-commons-runtime:jar:4.1.2:runtime
[INFO] |  |  +- jakarta.inject:jakarta.inject-api:jar:2.0.1:runtime
[INFO] |  |  \- org.antlr:antlr4-runtime:jar:4.13.0:compile
[INFO] |  +- org.springframework.data:spring-data-jpa:jar:3.2.1:compile
[INFO] |  |  +- org.springframework.data:spring-data-commons:jar:3.2.1:compile
[INFO] |  |  +- org.springframework:spring-orm:jar:6.1.2:compile
[INFO] |  |  +- org.springframework:spring-tx:jar:6.1.2:compile
[INFO] |  |  \- org.slf4j:slf4j-api:jar:2.0.9:compile
[INFO] |  \- org.springframework:spring-aspects:jar:6.1.2:compile
[INFO] +- org.springframework.boot:spring-boot-starter-web:jar:3.2.1:compile
[INFO] |  +- org.springframework.boot:spring-boot-starter-json:jar:3.2.1:compile
[INFO] |  |  \- com.fasterxml.jackson.datatype:jackson-datatype-jdk8:jar:2.15.3:compile
[INFO] |  +- org.springframework.boot:spring-boot-starter-tomcat:jar:3.2.1:compile
[INFO] |  |  +- org.apache.tomcat.embed:tomcat-embed-core:jar:10.1.17:compile
[INFO] |  |  \- org.apache.tomcat.embed:tomcat-embed-websocket:jar:10.1.17:compile
[INFO] |  +- org.springframework:spring-web:jar:6.1.2:compile
[INFO] |  \- org.springframework:spring-webmvc:jar:6.1.2:compile
[INFO] |     \- org.springframework:spring-expression:jar:6.1.2:compile
[INFO] +- org.springframework.boot:spring-boot-starter-validation:jar:3.2.1:compile
[INFO] |  +- org.apache.tomcat.embed:tomcat-embed-el:jar:10.1.17:compile
[INFO] |  \- org.hibernate.validator:hibernate-validator:jar:8.0.1.Final:compile
[INFO] |     \- jakarta.validation:jakarta.validation-api:jar:3.0.2:compile
[INFO] +- org.springframework.boot:spring-boot-starter-thymeleaf:jar:3.2.1:compile
[INFO] |  \- org.thymeleaf:thymeleaf-spring6:jar:3.1.2.RELEASE:compile
[INFO] |     \- org.thymeleaf:thymeleaf:jar:3.1.2.RELEASE:compile
[INFO] |        +- org.attoparser:attoparser:jar:2.0.7.RELEASE:compile
[INFO] |        \- org.unbescape:unbescape:jar:1.1.6.RELEASE:compile
[INFO] +- org.springframework.boot:spring-boot-starter-test:jar:3.2.1:test
[INFO] |  +- org.springframework.boot:spring-boot-test:jar:3.2.1:test
[INFO] |  +- org.springframework.boot:spring-boot-test-autoconfigure:jar:3.2.1:test
[INFO] |  +- com.jayway.jsonpath:json-path:jar:2.8.0:test
[INFO] |  +- net.minidev:json-smart:jar:2.5.0:test
[INFO] |  |  \- net.minidev:accessors-smart:jar:2.5.0:test
[INFO] |  |     \- org.ow2.asm:asm:jar:9.3:test
[INFO] |  +- org.assertj:assertj-core:jar:3.24.2:test
[INFO] |  +- org.awaitility:awaitility:jar:4.2.0:test
[INFO] |  +- org.hamcrest:hamcrest:jar:2.2:test
[INFO] |  +- org.junit.jupiter:junit-jupiter:jar:5.10.1:test
[INFO] |  |  +- org.junit.jupiter:junit-jupiter-api:jar:5.10.1:test
[INFO] |  |  |  +- org.opentest4j:opentest4j:jar:1.3.0:test
[INFO] |  |  |  +- org.junit.platform:junit-platform-commons:jar:1.10.1:test
[INFO] |  |  |  \- org.apiguardian:apiguardian-api:jar:1.1.2:test
[INFO] |  |  +- org.junit.jupiter:junit-jupiter-params:jar:5.10.1:test
[INFO] |  |  \- org.junit.jupiter:junit-jupiter-engine:jar:5.10.1:test
[INFO] |  |     \- org.junit.platform:junit-platform-engine:jar:1.10.1:test
[INFO] |  +- org.mockito:mockito-core:jar:5.7.0:test
[INFO] |  |  +- net.bytebuddy:byte-buddy-agent:jar:1.14.10:test
[INFO] |  |  \- org.objenesis:objenesis:jar:3.3:test
[INFO] |  +- org.mockito:mockito-junit-jupiter:jar:5.7.0:test
[INFO] |  +- org.skyscreamer:jsonassert:jar:1.5.1:test
[INFO] |  |  \- com.vaadin.external.google:android-json:jar:0.0.20131108.vaadin1:test
[INFO] |  +- org.springframework:spring-core:jar:6.1.2:compile
[INFO] |  |  \- org.springframework:spring-jcl:jar:6.1.2:compile
[INFO] |  +- org.springframework:spring-test:jar:6.1.2:test
[INFO] |  \- org.xmlunit:xmlunit-core:jar:2.9.1:test
[INFO] +- com.h2database:h2:jar:2.2.224:runtime
[INFO] +- com.mysql:mysql-connector-j:jar:8.1.0:runtime
[INFO] +- org.postgresql:postgresql:jar:42.6.0:runtime
[INFO] |  \- org.checkerframework:checker-qual:jar:3.31.0:compile
[INFO] +- javax.cache:cache-api:jar:1.1.1:compile
[INFO] +- com.github.ben-manes.caffeine:caffeine:jar:3.1.8:compile
[INFO] |  \- com.google.errorprone:error_prone_annotations:jar:2.21.1:compile
[INFO] +- org.webjars.npm:bootstrap:jar:5.3.2:compile
[INFO] +- org.webjars.npm:font-awesome:jar:4.7.0:compile
[INFO] +- org.springframework.boot:spring-boot-devtools:jar:3.2.1:test
[INFO] |  +- org.springframework.boot:spring-boot:jar:3.2.1:compile
[INFO] |  \- org.springframework.boot:spring-boot-autoconfigure:jar:3.2.1:compile
[INFO] +- org.springframework.boot:spring-boot-testcontainers:jar:3.2.1:test
[INFO] |  \- org.testcontainers:testcontainers:jar:1.19.3:test
[INFO] |     +- junit:junit:jar:4.13.2:test
[INFO] |     |  \- org.hamcrest:hamcrest-core:jar:2.2:test
[INFO] |     +- org.apache.commons:commons-compress:jar:1.24.0:test
[INFO] |     +- org.rnorth.duct-tape:duct-tape:jar:1.0.8:test
[INFO] |     |  \- org.jetbrains:annotations:jar:17.0.0:test
[INFO] |     +- com.github.docker-java:docker-java-api:jar:3.3.4:test
[INFO] |     \- com.github.docker-java:docker-java-transport-zerodep:jar:3.3.4:test
[INFO] |        +- com.github.docker-java:docker-java-transport:jar:3.3.4:test
[INFO] |        \- net.java.dev.jna:jna:jar:5.13.0:test
[INFO] +- org.springframework.boot:spring-boot-docker-compose:jar:3.2.1:test
[INFO] |  +- com.fasterxml.jackson.core:jackson-databind:jar:2.15.3:compile
[INFO] |  |  +- com.fasterxml.jackson.core:jackson-annotations:jar:2.15.3:compile
[INFO] |  |  \- com.fasterxml.jackson.core:jackson-core:jar:2.15.3:compile
[INFO] |  \- com.fasterxml.jackson.module:jackson-module-parameter-names:jar:2.15.3:compile
[INFO] +- org.testcontainers:junit-jupiter:jar:1.19.3:test
[INFO] +- org.testcontainers:mysql:jar:1.19.3:test
[INFO] |  \- org.testcontainers:jdbc:jar:1.19.3:test
[INFO] |     \- org.testcontainers:database-commons:jar:1.19.3:test
[INFO] \- jakarta.xml.bind:jakarta.xml.bind-api:jar:4.0.1:compile
[INFO]    \- jakarta.activation:jakarta.activation-api:jar:2.1.2:compile
[INFO] ------------------------------------------------------------------------
[INFO] BUILD SUCCESS
[INFO] ------------------------------------------------------------------------
[INFO] Total time:  8.455 s
[INFO] Finished at: 2025-08-06T08:25:14-04:00
[INFO] ------------------------------------------------------------------------
2025-08-06T12:25:14.362Z [INFO] [MavenBuildTool] Successfully got dependency tree of c:\Repos\spring-petclinic
2025-08-06T12:25:14.363Z [INFO] [MavenBuildTool] Getting Java version of c:\Repos\spring-petclinic from pom.xml
2025-08-06T12:25:14.363Z [INFO] [MavenBuildTool] Searching for pom.xml files in c:\Repos\spring-petclinic
2025-08-06T12:25:14.364Z [INFO] [MavenBuildTool] Getting modules of c:\Repos\spring-petclinic
2025-08-06T12:25:14.364Z [INFO] [Environment] Running command (Java 24): mvnw help:evaluate -Dexpression=project.modules -q -DforceStdout
WARNING: A restricted method in java.lang.System has been called
WARNING: java.lang.System::load has been called by org.fusesource.jansi.internal.JansiLoader in an unnamed module (file:/C:/Users/adamga/.m2/wrapper/dists/apache-maven-3.9.5-bin/32db9c34/apache-maven-3.9.5/lib/jansi-2.4.0.jar)
WARNING: Use --enable-native-access=ALL-UNNAMED to avoid a warning for callers in this module
WARNING: Restricted methods will be blocked in a future release unless native access is enabled

WARNING: A terminally deprecated method in sun.misc.Unsafe has been called
WARNING: sun.misc.Unsafe::objectFieldOffset has been called by com.google.common.util.concurrent.AbstractFuture$UnsafeAtomicHelper (file:/C:/Users/adamga/.m2/wrapper/dists/apache-maven-3.9.5-bin/32db9c34/apache-maven-3.9.5/lib/guava-32.0.1-jre.jar)
WARNING: Please consider reporting this to the maintainers of class com.google.common.util.concurrent.AbstractFuture$UnsafeAtomicHelper
WARNING: sun.misc.Unsafe::objectFieldOffset will be removed in a future release
<modules/>2025-08-06T12:25:16.526Z [INFO] [MavenBuildTool] Found modules: 
2025-08-06T12:25:16.526Z [INFO] [MavenBuildTool] Found pom.xml files: c:\Repos\spring-petclinic\pom.xml
2025-08-06T12:25:16.527Z [INFO] [MavenBuildTool] Java version found in c:\Repos\spring-petclinic\pom.xml: 17
2025-08-06T12:25:16.528Z [WARN] No source dependencies found for Spring Framework. Skipping target dependency validation
2025-08-06T12:25:16.528Z [WARN] No source dependencies found for Spring Security. Skipping target dependency validation
2025-08-06T12:25:16.529Z [WARN] No source dependencies found for Jakarta EE. Skipping target dependency validation
2025-08-06T12:25:16.529Z [WARN] No source dependencies found for JUnit. Skipping target dependency validation
2025-08-06T12:25:16.530Z [INFO] Target Java version: 21
2025-08-06T12:25:16.530Z [INFO] [Environment] Running command (Java 21): java -version
java version "24.0.1" 2025-04-15
Java(TM) SE Runtime Environment (build 24.0.1+9-30)
Java HotSpot(TM) 64-Bit Server VM (build 24.0.1+9-30, mixed mode, sharing)
2025-08-06T12:25:16.588Z [INFO] [JdkEnvironment] Got real Java version: 24.0.1
2025-08-06T12:25:16.588Z [INFO] Target JDK: {"name":"java","path":"C:\\Program Files\\Java\\jdk-24\\bin","version":"24"}
2025-08-06T12:25:16.588Z [INFO] Upgrade options: 2
2025-08-06T12:25:16.588Z [INFO] started planning upgrade route.
2025-08-06T12:25:16.589Z [INFO] [Project spring-petclinic]: getting dependencies promise.
2025-08-06T12:25:16.589Z [INFO] No target dependencies found for Spring Boot. Skipping target dependency validation
2025-08-06T12:25:16.590Z [WARN] No source dependencies found for Spring Framework. Skipping target dependency validation
2025-08-06T12:25:16.590Z [WARN] No source dependencies found for Spring Security. Skipping target dependency validation
2025-08-06T12:25:16.590Z [WARN] No source dependencies found for Jakarta EE. Skipping target dependency validation
2025-08-06T12:25:16.590Z [WARN] No source dependencies found for JUnit. Skipping target dependency validation
2025-08-06T12:25:16.591Z [INFO] Upgrade route: upgrade `Java` to *21* with oneStepOneFramework=false
2025-08-06T12:25:16.591Z [INFO] [Project spring-petclinic]: getting Java version.
2025-08-06T12:25:16.591Z [INFO] [Project spring-petclinic]: got Java version: 17
2025-08-06T12:25:16.592Z [INFO] completed planning upgrade route.
