2025-08-06T12:33:44.719Z [INFO] [Project spring-petclinic]: getting Java version.
2025-08-06T12:33:44.720Z [INFO] [Project spring-petclinic]: got Java version: 21
2025-08-06T12:33:44.720Z [INFO] [Project spring-petclinic]: getting project state.
2025-08-06T12:33:44.720Z [INFO] [BaseBuildTool] Firing config modified event for mvnw, sleeping for 5 seconds
2025-08-06T12:33:44.721Z [INFO] [Environment] Running command (Java 24): mvnw --version
WARNING: A restricted method in java.lang.System has been called
WARNING: java.lang.System::load has been called by org.fusesource.jansi.internal.JansiLoader in an unnamed module (file:/C:/Users/adamga/.m2/wrapper/dists/apache-maven-3.9.5-bin/32db9c34/apache-maven-3.9.5/lib/jansi-2.4.0.jar)
WARNING: Use --enable-native-access=ALL-UNNAMED to avoid a warning for callers in this module
WARNING: Restricted methods will be blocked in a future release unless native access is enabled

Apache Maven 3.9.5 (57804ffe001d7215b5e7bcb531cf83df38f93546)
Maven home: C:\Users\adamga\.m2\wrapper\dists\apache-maven-3.9.5-bin\32db9c34\apache-maven-3.9.5
Java version: 24.0.1, vendor: Oracle Corporation, runtime: C:\Program Files\Java\jdk-24
Default locale: en_CA, platform encoding: UTF-8
OS name: "windows 11", version: "10.0", arch: "amd64", family: "windows"
2025-08-06T12:33:44.971Z [INFO] [BaseBuildTool] New version of mvnw: 3.9.5 -> 3.9.5
2025-08-06T12:33:44.971Z [INFO] [MavenBuildTool] Getting Java version of c:\Repos\spring-petclinic from pom.xml
2025-08-06T12:33:44.971Z [INFO] [MavenBuildTool] Searching for pom.xml files in c:\Repos\spring-petclinic
2025-08-06T12:33:44.972Z [INFO] [MavenBuildTool] Getting modules of c:\Repos\spring-petclinic
2025-08-06T12:33:44.972Z [INFO] [Environment] Running command (Java 24): mvnw help:evaluate -Dexpression=project.modules -q -DforceStdout
WARNING: A restricted method in java.lang.System has been called
WARNING: java.lang.System::load has been called by org.fusesource.jansi.internal.JansiLoader in an unnamed module (file:/C:/Users/adamga/.m2/wrapper/dists/apache-maven-3.9.5-bin/32db9c34/apache-maven-3.9.5/lib/jansi-2.4.0.jar)
WARNING: Use --enable-native-access=ALL-UNNAMED to avoid a warning for callers in this module
WARNING: Restricted methods will be blocked in a future release unless native access is enabled

WARNING: A terminally deprecated method in sun.misc.Unsafe has been called
WARNING: sun.misc.Unsafe::objectFieldOffset has been called by com.google.common.util.concurrent.AbstractFuture$UnsafeAtomicHelper (file:/C:/Users/adamga/.m2/wrapper/dists/apache-maven-3.9.5-bin/32db9c34/apache-maven-3.9.5/lib/guava-32.0.1-jre.jar)
WARNING: Please consider reporting this to the maintainers of class com.google.common.util.concurrent.AbstractFuture$UnsafeAtomicHelper
WARNING: sun.misc.Unsafe::objectFieldOffset will be removed in a future release
<modules/>2025-08-06T12:33:47.089Z [INFO] [MavenBuildTool] Found modules: 
2025-08-06T12:33:47.089Z [INFO] [MavenBuildTool] Found pom.xml files: c:\Repos\spring-petclinic\pom.xml
2025-08-06T12:33:47.090Z [INFO] [MavenBuildTool] Java version found in c:\Repos\spring-petclinic\pom.xml: 21
2025-08-06T12:33:47.090Z [INFO] [BaseBuildTool] Notifying Java version/Config change: '21' || '21'
2025-08-06T12:33:47.091Z [INFO] [Project spring-petclinic]: getting Java version.
2025-08-06T12:33:47.091Z [INFO] [Project spring-petclinic]: got Java version: 21
2025-08-06T12:33:47.091Z [INFO] [Project spring-petclinic]: getting dependencies promise.
2025-08-06T12:33:47.092Z [INFO] [Project spring-petclinic]: reset dependencies promise.
2025-08-06T12:33:47.092Z [INFO] [Environment] Running command (Java 24): mvnw dependency:tree -B
WARNING: A restricted method in java.lang.System has been called
WARNING: java.lang.System::load has been called by org.fusesource.jansi.internal.JansiLoader in an unnamed module (file:/C:/Users/adamga/.m2/wrapper/dists/apache-maven-3.9.5-bin/32db9c34/apache-maven-3.9.5/lib/jansi-2.4.0.jar)
WARNING: Use --enable-native-access=ALL-UNNAMED to avoid a warning for callers in this module
WARNING: Restricted methods will be blocked in a future release unless native access is enabled

WARNING: A terminally deprecated method in sun.misc.Unsafe has been called
WARNING: sun.misc.Unsafe::objectFieldOffset has been called by com.google.common.util.concurrent.AbstractFuture$UnsafeAtomicHelper (file:/C:/Users/adamga/.m2/wrapper/dists/apache-maven-3.9.5-bin/32db9c34/apache-maven-3.9.5/lib/guava-32.0.1-jre.jar)
WARNING: Please consider reporting this to the maintainers of class com.google.common.util.concurrent.AbstractFuture$UnsafeAtomicHelper
WARNING: sun.misc.Unsafe::objectFieldOffset will be removed in a future release
[INFO] Scanning for projects...
[INFO] 
[INFO] ------------< org.springframework.samples:spring-petclinic >------------
[INFO] Building petclinic 3.2.0-SNAPSHOT
[INFO]   from pom.xml
[INFO] --------------------------------[ jar ]---------------------------------
[INFO] 
[INFO] --- dependency:3.6.1:tree (default-cli) @ spring-petclinic ---
[INFO] org.springframework.samples:spring-petclinic:jar:3.2.0-SNAPSHOT
[INFO] +- org.springframework.boot:spring-boot-starter-actuator:jar:3.2.12:compile
[INFO] |  +- org.springframework.boot:spring-boot-starter:jar:3.2.12:compile
[INFO] |  |  +- org.springframework.boot:spring-boot-starter-logging:jar:3.2.12:compile
[INFO] |  |  |  +- ch.qos.logback:logback-classic:jar:1.4.14:compile
[INFO] |  |  |  |  \- ch.qos.logback:logback-core:jar:1.4.14:compile
[INFO] |  |  |  +- org.apache.logging.log4j:log4j-to-slf4j:jar:2.21.1:compile
[INFO] |  |  |  |  \- org.apache.logging.log4j:log4j-api:jar:2.21.1:compile
[INFO] |  |  |  \- org.slf4j:jul-to-slf4j:jar:2.0.16:compile
[INFO] |  |  +- jakarta.annotation:jakarta.annotation-api:jar:2.1.1:compile
[INFO] |  |  \- org.yaml:snakeyaml:jar:2.2:compile
[INFO] |  +- org.springframework.boot:spring-boot-actuator-autoconfigure:jar:3.2.12:compile
[INFO] |  |  +- org.springframework.boot:spring-boot-actuator:jar:3.2.12:compile
[INFO] |  |  \- com.fasterxml.jackson.datatype:jackson-datatype-jsr310:jar:2.15.4:compile
[INFO] |  +- io.micrometer:micrometer-observation:jar:1.12.13:compile
[INFO] |  |  \- io.micrometer:micrometer-commons:jar:1.12.13:compile
[INFO] |  \- io.micrometer:micrometer-jakarta9:jar:1.12.13:compile
[INFO] |     \- io.micrometer:micrometer-core:jar:1.12.13:compile
[INFO] |        +- org.hdrhistogram:HdrHistogram:jar:2.1.12:runtime
[INFO] |        \- org.latencyutils:LatencyUtils:jar:2.0.3:runtime
[INFO] +- org.springframework.boot:spring-boot-starter-cache:jar:3.2.12:compile
[INFO] |  \- org.springframework:spring-context-support:jar:6.1.15:compile
[INFO] |     +- org.springframework:spring-beans:jar:6.1.15:compile
[INFO] |     \- org.springframework:spring-context:jar:6.1.15:compile
[INFO] +- org.springframework.boot:spring-boot-starter-data-jpa:jar:3.2.12:compile
[INFO] |  +- org.springframework.boot:spring-boot-starter-aop:jar:3.2.12:compile
[INFO] |  |  +- org.springframework:spring-aop:jar:6.1.15:compile
[INFO] |  |  \- org.aspectj:aspectjweaver:jar:1.9.22.1:compile
[INFO] |  +- org.springframework.boot:spring-boot-starter-jdbc:jar:3.2.12:compile
[INFO] |  |  +- com.zaxxer:HikariCP:jar:5.0.1:compile
[INFO] |  |  \- org.springframework:spring-jdbc:jar:6.1.15:compile
[INFO] |  +- org.hibernate.orm:hibernate-core:jar:6.4.10.Final:compile
[INFO] |  |  +- jakarta.persistence:jakarta.persistence-api:jar:3.1.0:compile
[INFO] |  |  +- jakarta.transaction:jakarta.transaction-api:jar:2.0.1:compile
[INFO] |  |  +- org.jboss.logging:jboss-logging:jar:3.5.3.Final:compile
[INFO] |  |  +- org.hibernate.common:hibernate-commons-annotations:jar:6.0.6.Final:runtime
[INFO] |  |  +- io.smallrye:jandex:jar:3.1.2:runtime
[INFO] |  |  +- com.fasterxml:classmate:jar:1.6.0:compile
[INFO] |  |  +- net.bytebuddy:byte-buddy:jar:1.14.19:runtime
[INFO] |  |  +- org.glassfish.jaxb:jaxb-runtime:jar:4.0.5:runtime
[INFO] |  |  |  \- org.glassfish.jaxb:jaxb-core:jar:4.0.5:runtime
[INFO] |  |  |     +- org.eclipse.angus:angus-activation:jar:2.0.2:runtime
[INFO] |  |  |     +- org.glassfish.jaxb:txw2:jar:4.0.5:runtime
[INFO] |  |  |     \- com.sun.istack:istack-commons-runtime:jar:4.1.2:runtime
[INFO] |  |  +- jakarta.inject:jakarta.inject-api:jar:2.0.1:runtime
[INFO] |  |  \- org.antlr:antlr4-runtime:jar:4.13.0:compile
[INFO] |  +- org.springframework.data:spring-data-jpa:jar:3.2.12:compile
[INFO] |  |  +- org.springframework.data:spring-data-commons:jar:3.2.12:compile
[INFO] |  |  +- org.springframework:spring-orm:jar:6.1.15:compile
[INFO] |  |  +- org.springframework:spring-tx:jar:6.1.15:compile
[INFO] |  |  \- org.slf4j:slf4j-api:jar:2.0.16:compile
[INFO] |  \- org.springframework:spring-aspects:jar:6.1.15:compile
[INFO] +- org.springframework.boot:spring-boot-starter-web:jar:3.2.12:compile
[INFO] |  +- org.springframework.boot:spring-boot-starter-json:jar:3.2.12:compile
[INFO] |  |  \- com.fasterxml.jackson.datatype:jackson-datatype-jdk8:jar:2.15.4:compile
[INFO] |  +- org.springframework.boot:spring-boot-starter-tomcat:jar:3.2.12:compile
[INFO] |  |  +- org.apache.tomcat.embed:tomcat-embed-core:jar:10.1.42:compile
[INFO] |  |  \- org.apache.tomcat.embed:tomcat-embed-websocket:jar:10.1.42:compile
[INFO] |  +- org.springframework:spring-web:jar:6.1.15:compile
[INFO] |  \- org.springframework:spring-webmvc:jar:6.1.15:compile
[INFO] |     \- org.springframework:spring-expression:jar:6.1.15:compile
[INFO] +- org.springframework.boot:spring-boot-starter-validation:jar:3.2.12:compile
[INFO] |  +- org.apache.tomcat.embed:tomcat-embed-el:jar:10.1.42:compile
[INFO] |  \- org.hibernate.validator:hibernate-validator:jar:8.0.1.Final:compile
[INFO] |     \- jakarta.validation:jakarta.validation-api:jar:3.0.2:compile
[INFO] +- org.springframework.boot:spring-boot-starter-thymeleaf:jar:3.2.12:compile
[INFO] |  \- org.thymeleaf:thymeleaf-spring6:jar:3.1.2.RELEASE:compile
[INFO] |     \- org.thymeleaf:thymeleaf:jar:3.1.2.RELEASE:compile
[INFO] |        +- org.attoparser:attoparser:jar:2.0.7.RELEASE:compile
[INFO] |        \- org.unbescape:unbescape:jar:1.1.6.RELEASE:compile
[INFO] +- org.springframework.boot:spring-boot-starter-test:jar:3.2.12:test
[INFO] |  +- org.springframework.boot:spring-boot-test:jar:3.2.12:test
[INFO] |  +- org.springframework.boot:spring-boot-test-autoconfigure:jar:3.2.12:test
[INFO] |  +- com.jayway.jsonpath:json-path:jar:2.9.0:test
[INFO] |  +- net.minidev:json-smart:jar:2.5.1:test
[INFO] |  |  \- net.minidev:accessors-smart:jar:2.5.1:test
[INFO] |  |     \- org.ow2.asm:asm:jar:9.6:test
[INFO] |  +- org.assertj:assertj-core:jar:3.24.2:test
[INFO] |  +- org.awaitility:awaitility:jar:4.2.2:test
[INFO] |  +- org.hamcrest:hamcrest:jar:2.2:test
[INFO] |  +- org.junit.jupiter:junit-jupiter:jar:5.10.5:test
[INFO] |  |  +- org.junit.jupiter:junit-jupiter-api:jar:5.10.5:test
[INFO] |  |  |  +- org.opentest4j:opentest4j:jar:1.3.0:test
[INFO] |  |  |  +- org.junit.platform:junit-platform-commons:jar:1.10.5:test
[INFO] |  |  |  \- org.apiguardian:apiguardian-api:jar:1.1.2:test
[INFO] |  |  +- org.junit.jupiter:junit-jupiter-params:jar:5.10.5:test
[INFO] |  |  \- org.junit.jupiter:junit-jupiter-engine:jar:5.10.5:test
[INFO] |  |     \- org.junit.platform:junit-platform-engine:jar:1.10.5:test
[INFO] |  +- org.mockito:mockito-core:jar:5.7.0:test
[INFO] |  |  +- net.bytebuddy:byte-buddy-agent:jar:1.14.19:test
[INFO] |  |  \- org.objenesis:objenesis:jar:3.3:test
[INFO] |  +- org.mockito:mockito-junit-jupiter:jar:5.7.0:test
[INFO] |  +- org.skyscreamer:jsonassert:jar:1.5.3:test
[INFO] |  |  \- com.vaadin.external.google:android-json:jar:0.0.20131108.vaadin1:test
[INFO] |  +- org.springframework:spring-core:jar:6.1.15:compile
[INFO] |  |  \- org.springframework:spring-jcl:jar:6.1.15:compile
[INFO] |  +- org.springframework:spring-test:jar:6.1.15:test
[INFO] |  \- org.xmlunit:xmlunit-core:jar:2.9.1:test
[INFO] +- com.h2database:h2:jar:2.2.224:runtime
[INFO] +- com.mysql:mysql-connector-j:jar:8.3.0:runtime
[INFO] +- org.postgresql:postgresql:jar:42.6.2:runtime
[INFO] |  \- org.checkerframework:checker-qual:jar:3.31.0:compile
[INFO] +- javax.cache:cache-api:jar:1.1.1:compile
[INFO] +- com.github.ben-manes.caffeine:caffeine:jar:3.1.8:compile
[INFO] |  \- com.google.errorprone:error_prone_annotations:jar:2.21.1:compile
[INFO] +- org.webjars.npm:bootstrap:jar:5.3.2:compile
[INFO] +- org.webjars.npm:font-awesome:jar:4.7.0:compile
[INFO] +- org.springframework.boot:spring-boot-devtools:jar:3.2.12:test
[INFO] |  +- org.springframework.boot:spring-boot:jar:3.2.12:compile
[INFO] |  \- org.springframework.boot:spring-boot-autoconfigure:jar:3.2.12:compile
[INFO] +- org.springframework.boot:spring-boot-testcontainers:jar:3.2.12:test
[INFO] |  \- org.testcontainers:testcontainers:jar:1.19.8:test
[INFO] |     +- junit:junit:jar:4.13.2:test
[INFO] |     |  \- org.hamcrest:hamcrest-core:jar:2.2:test
[INFO] |     +- org.apache.commons:commons-compress:jar:1.24.0:test
[INFO] |     +- org.rnorth.duct-tape:duct-tape:jar:1.0.8:test
[INFO] |     |  \- org.jetbrains:annotations:jar:17.0.0:test
[INFO] |     +- com.github.docker-java:docker-java-api:jar:3.3.6:test
[INFO] |     \- com.github.docker-java:docker-java-transport-zerodep:jar:3.3.6:test
[INFO] |        +- com.github.docker-java:docker-java-transport:jar:3.3.6:test
[INFO] |        \- net.java.dev.jna:jna:jar:5.13.0:test
[INFO] +- org.springframework.boot:spring-boot-docker-compose:jar:3.2.12:test
[INFO] |  +- com.fasterxml.jackson.core:jackson-databind:jar:2.15.4:compile
[INFO] |  |  +- com.fasterxml.jackson.core:jackson-annotations:jar:2.15.4:compile
[INFO] |  |  \- com.fasterxml.jackson.core:jackson-core:jar:2.15.4:compile
[INFO] |  \- com.fasterxml.jackson.module:jackson-module-parameter-names:jar:2.15.4:compile
[INFO] +- org.testcontainers:junit-jupiter:jar:1.19.8:test
[INFO] +- org.testcontainers:mysql:jar:1.19.8:test
[INFO] |  \- org.testcontainers:jdbc:jar:1.19.8:test
[INFO] |     \- org.testcontainers:database-commons:jar:1.19.8:test
[INFO] \- jakarta.xml.bind:jakarta.xml.bind-api:jar:4.0.2:compile
[INFO]    \- jakarta.activation:jakarta.activation-api:jar:2.1.3:compile
[INFO] ------------------------------------------------------------------------
[INFO] BUILD SUCCESS
[INFO] ------------------------------------------------------------------------
[INFO] Total time:  1.532 s
[INFO] Finished at: 2025-08-06T08:33:49-04:00
[INFO] ------------------------------------------------------------------------
2025-08-06T12:33:49.567Z [INFO] [MavenBuildTool] Successfully got dependency tree of c:\Repos\spring-petclinic
2025-08-06T12:33:49.568Z [INFO] [MavenBuildTool] Getting Java version of c:\Repos\spring-petclinic from pom.xml
2025-08-06T12:33:49.568Z [INFO] [MavenBuildTool] Searching for pom.xml files in c:\Repos\spring-petclinic
2025-08-06T12:33:49.568Z [INFO] [MavenBuildTool] Getting modules of c:\Repos\spring-petclinic
2025-08-06T12:33:49.568Z [INFO] [Environment] Running command (Java 24): mvnw help:evaluate -Dexpression=project.modules -q -DforceStdout
WARNING: A restricted method in java.lang.System has been called
WARNING: java.lang.System::load has been called by org.fusesource.jansi.internal.JansiLoader in an unnamed module (file:/C:/Users/adamga/.m2/wrapper/dists/apache-maven-3.9.5-bin/32db9c34/apache-maven-3.9.5/lib/jansi-2.4.0.jar)
WARNING: Use --enable-native-access=ALL-UNNAMED to avoid a warning for callers in this module
WARNING: Restricted methods will be blocked in a future release unless native access is enabled

WARNING: A terminally deprecated method in sun.misc.Unsafe has been called
WARNING: sun.misc.Unsafe::objectFieldOffset has been called by com.google.common.util.concurrent.AbstractFuture$UnsafeAtomicHelper (file:/C:/Users/adamga/.m2/wrapper/dists/apache-maven-3.9.5-bin/32db9c34/apache-maven-3.9.5/lib/guava-32.0.1-jre.jar)
WARNING: Please consider reporting this to the maintainers of class com.google.common.util.concurrent.AbstractFuture$UnsafeAtomicHelper
WARNING: sun.misc.Unsafe::objectFieldOffset will be removed in a future release
<modules/>2025-08-06T12:33:51.652Z [INFO] [MavenBuildTool] Found modules: 
2025-08-06T12:33:51.652Z [INFO] [MavenBuildTool] Found pom.xml files: c:\Repos\spring-petclinic\pom.xml
2025-08-06T12:33:51.653Z [INFO] [MavenBuildTool] Java version found in c:\Repos\spring-petclinic\pom.xml: 21
2025-08-06T12:33:51.653Z [INFO] [MavenBuildTool] Getting build errors of c:\Repos\spring-petclinic using Maven
2025-08-06T12:33:51.653Z [INFO] [Environment] Running command (Java 24): mvnw -Dencoding=UTF-8 clean test-compile -q -B -fn
WARNING: A restricted method in java.lang.System has been called
WARNING: java.lang.System::load has been called by org.fusesource.jansi.internal.JansiLoader in an unnamed module (file:/C:/Users/adamga/.m2/wrapper/dists/apache-maven-3.9.5-bin/32db9c34/apache-maven-3.9.5/lib/jansi-2.4.0.jar)
WARNING: Use --enable-native-access=ALL-UNNAMED to avoid a warning for callers in this module
WARNING: Restricted methods will be blocked in a future release unless native access is enabled

WARNING: A terminally deprecated method in sun.misc.Unsafe has been called
WARNING: sun.misc.Unsafe::objectFieldOffset has been called by com.google.common.util.concurrent.AbstractFuture$UnsafeAtomicHelper (file:/C:/Users/adamga/.m2/wrapper/dists/apache-maven-3.9.5-bin/32db9c34/apache-maven-3.9.5/lib/guava-32.0.1-jre.jar)
WARNING: Please consider reporting this to the maintainers of class com.google.common.util.concurrent.AbstractFuture$UnsafeAtomicHelper
WARNING: sun.misc.Unsafe::objectFieldOffset will be removed in a future release
2025-08-06T12:33:57.512Z [INFO] [MavenBuildTool] parsing compilation errors.
2025-08-06T12:33:57.512Z [INFO] [MavenBuildTool] Running test cases of c:\Repos\spring-petclinic using Maven
2025-08-06T12:33:57.513Z [INFO] [Environment] Running command (Java 24): mvnw -Dencoding=UTF-8 clean test -q -B -fn
WARNING: A restricted method in java.lang.System has been called
WARNING: java.lang.System::load has been called by org.fusesource.jansi.internal.JansiLoader in an unnamed module (file:/C:/Users/adamga/.m2/wrapper/dists/apache-maven-3.9.5-bin/32db9c34/apache-maven-3.9.5/lib/jansi-2.4.0.jar)
WARNING: Use --enable-native-access=ALL-UNNAMED to avoid a warning for callers in this module
WARNING: Restricted methods will be blocked in a future release unless native access is enabled

WARNING: A terminally deprecated method in sun.misc.Unsafe has been called
WARNING: sun.misc.Unsafe::objectFieldOffset has been called by com.google.common.util.concurrent.AbstractFuture$UnsafeAtomicHelper (file:/C:/Users/adamga/.m2/wrapper/dists/apache-maven-3.9.5-bin/32db9c34/apache-maven-3.9.5/lib/guava-32.0.1-jre.jar)
WARNING: Please consider reporting this to the maintainers of class com.google.common.util.concurrent.AbstractFuture$UnsafeAtomicHelper
WARNING: sun.misc.Unsafe::objectFieldOffset will be removed in a future release
08:34:04.661 [main] INFO org.hibernate.validator.internal.util.Version -- HV000001: Hibernate Validator 8.0.1.Final
08:34:05.431 [main] INFO org.testcontainers.dockerclient.DockerMachineClientProviderStrategy -- docker-machine executable was not found on PATH ([c:\Repos\spring-petclinic, C:\Program Files\Java\jdk-24\bin, C:\Program Files\Microsoft SDKs\Azure\CLI2\wbin, C:\Program Files\Common Files\Oracle\Java\javapath, C:\WINDOWS\system32, C:\WINDOWS, C:\WINDOWS\System32\Wbem, C:\WINDOWS\System32\WindowsPowerShell\v1.0\, C:\WINDOWS\System32\OpenSSH\, C:\Program Files\dotnet\, C:\Program Files\Microsoft SQL Server\Client SDK\ODBC\170\Tools\Binn\, C:\Program Files\Microsoft SQL Server\150\Tools\Binn\, C:\Program Files (x86)\Windows Kits\10\Windows Performance Toolkit\, C:\Program Files\Git\cmd, C:\Program Files\nodejs\, C:\ProgramData\chocolatey\bin, C:\Program Files\Docker\Docker\resources\bin, C:\Users\adamga\AppData\Local\Programs\Python\Python313\Scripts\, C:\Users\adamga\AppData\Local\Programs\Python\Python313\, C:\Users\adamga\AppData\Local\Microsoft\WindowsApps, c:\code\bin, C:\Program Files\JetBrains\IntelliJ IDEA Community Edition 2025.1.3\bin, , C:\Program Files\JetBrains\PyCharm 2025.1.3\bin, , C:\Users\adamga\AppData\Local\Programs\Azure Dev CLI\, C:\Users\adamga\AppData\Roaming\npm, C:\Users\adamga\AppData\Local\Microsoft\WinGet\Packages\Microsoft.NuGet_Microsoft.Winget.Source_8wekyb3d8bbwe, C:\Users\adamga\.dotnet\tools])
08:34:05.433 [main] ERROR org.testcontainers.dockerclient.DockerClientProviderStrategy -- Could not find a valid Docker environment. Please check configuration. Attempted configurations were:
As no valid configuration was found, execution cannot continue.
See https://java.testcontainers.org/on_failure.html for more details.
08:34:05.532 [main] INFO org.springframework.test.context.support.AnnotationConfigContextLoaderUtils -- Could not detect default configuration classes for test class [org.springframework.samples.petclinic.owner.OwnerControllerTests]: OwnerControllerTests does not declare any static, non-private, non-final, nested classes annotated with @Configuration.
08:34:05.710 [main] INFO org.springframework.boot.test.context.SpringBootTestContextBootstrapper -- Found @SpringBootConfiguration org.springframework.samples.petclinic.PetClinicApplication for test class org.springframework.samples.petclinic.owner.OwnerControllerTests
08:34:05.783 [main] INFO org.springframework.boot.devtools.restart.RestartApplicationListener -- Restart disabled due to context in which it is running


              |\      _,,,--,,_
             /,`.-'`'   ._  \-;;,_
  _______ __|,4-  ) )_   .;.(__`'-'__     ___ __    _ ___ _______
 |       | '---''(_/._)-'(_\_)   |   |   |   |  |  | |   |       |
 |    _  |    ___|_     _|       |   |   |   |   |_| |   |       | __ _ _
 |   |_| |   |___  |   | |       |   |   |   |       |   |       | \ \ \ \
 |    ___|    ___| |   | |      _|   |___|   |  _    |   |      _|  \ \ \ \
 |   |   |   |___  |   | |     |_|       |   | | |   |   |     |_    ) ) ) )
 |___|   |_______| |___| |_______|_______|___|_|  |__|___|_______|  / / / /
 ==================================================================/_/_/_/

:: Built with Spring Boot :: 3.2.12


2025-08-06T08:34:06.070-04:00  INFO 33636 --- [           main] o.s.s.p.owner.OwnerControllerTests       : Starting OwnerControllerTests using Java 24.0.1 with PID 33636 (started by adamga in c:\Repos\spring-petclinic)
2025-08-06T08:34:06.072-04:00  INFO 33636 --- [           main] o.s.s.p.owner.OwnerControllerTests       : No active profile set, falling back to 1 default profile: "default"
WARNING: A Java agent has been loaded dynamically (C:\Users\adamga\.m2\repository\net\bytebuddy\byte-buddy-agent\1.14.19\byte-buddy-agent-1.14.19.jar)
WARNING: If a serviceability tool is in use, please run with -XX:+EnableDynamicAgentLoading to hide this warning
WARNING: If a serviceability tool is not in use, please run with -Djdk.instrument.traceUsage for more information
WARNING: Dynamic loading of agents will be disallowed by default in a future release
Java HotSpot(TM) 64-Bit Server VM warning: Sharing is only supported for boot loader classes because bootstrap classpath has been appended
2025-08-06T08:34:07.455-04:00  INFO 33636 --- [           main] o.s.b.t.m.w.SpringBootMockServletContext : Initializing Spring TestDispatcherServlet ''
2025-08-06T08:34:07.455-04:00  INFO 33636 --- [           main] o.s.t.web.servlet.TestDispatcherServlet  : Initializing Servlet ''
2025-08-06T08:34:07.456-04:00  INFO 33636 --- [           main] o.s.t.web.servlet.TestDispatcherServlet  : Completed initialization in 1 ms
2025-08-06T08:34:07.470-04:00  INFO 33636 --- [           main] o.s.s.p.owner.OwnerControllerTests       : Started OwnerControllerTests in 1.696 seconds (process running for 3.738)
2025-08-06T08:34:07.967-04:00  INFO 33636 --- [           main] t.c.s.AnnotationConfigContextLoaderUtils : Could not detect default configuration classes for test class [org.springframework.samples.petclinic.owner.PetControllerTests]: PetControllerTests does not declare any static, non-private, non-final, nested classes annotated with @Configuration.
2025-08-06T08:34:07.973-04:00  INFO 33636 --- [           main] .b.t.c.SpringBootTestContextBootstrapper : Found @SpringBootConfiguration org.springframework.samples.petclinic.PetClinicApplication for test class org.springframework.samples.petclinic.owner.PetControllerTests
2025-08-06T08:34:07.977-04:00  INFO 33636 --- [           main] o.s.b.d.r.RestartApplicationListener     : Restart disabled due to context in which it is running


              |\      _,,,--,,_
             /,`.-'`'   ._  \-;;,_
  _______ __|,4-  ) )_   .;.(__`'-'__     ___ __    _ ___ _______
 |       | '---''(_/._)-'(_\_)   |   |   |   |  |  | |   |       |
 |    _  |    ___|_     _|       |   |   |   |   |_| |   |       | __ _ _
 |   |_| |   |___  |   | |       |   |   |   |       |   |       | \ \ \ \
 |    ___|    ___| |   | |      _|   |___|   |  _    |   |      _|  \ \ \ \
 |   |   |   |___  |   | |     |_|       |   | | |   |   |     |_    ) ) ) )
 |___|   |_______| |___| |_______|_______|___|_|  |__|___|_______|  / / / /
 ==================================================================/_/_/_/

:: Built with Spring Boot :: 3.2.12


2025-08-06T08:34:07.990-04:00  INFO 33636 --- [           main] o.s.s.p.owner.PetControllerTests         : Starting PetControllerTests using Java 24.0.1 with PID 33636 (started by adamga in c:\Repos\spring-petclinic)
2025-08-06T08:34:07.991-04:00  INFO 33636 --- [           main] o.s.s.p.owner.PetControllerTests         : No active profile set, falling back to 1 default profile: "default"
2025-08-06T08:34:08.120-04:00  INFO 33636 --- [           main] o.s.b.t.m.w.SpringBootMockServletContext : Initializing Spring TestDispatcherServlet ''
2025-08-06T08:34:08.120-04:00  INFO 33636 --- [           main] o.s.t.web.servlet.TestDispatcherServlet  : Initializing Servlet ''
2025-08-06T08:34:08.120-04:00  INFO 33636 --- [           main] o.s.t.web.servlet.TestDispatcherServlet  : Completed initialization in 0 ms
2025-08-06T08:34:08.123-04:00  INFO 33636 --- [           main] o.s.s.p.owner.PetControllerTests         : Started PetControllerTests in 0.147 seconds (process running for 4.391)
2025-08-06T08:34:08.222-04:00  INFO 33636 --- [           main] t.c.s.AnnotationConfigContextLoaderUtils : Could not detect default configuration classes for test class [org.springframework.samples.petclinic.owner.VisitControllerTests]: VisitControllerTests does not declare any static, non-private, non-final, nested classes annotated with @Configuration.
2025-08-06T08:34:08.228-04:00  INFO 33636 --- [           main] .b.t.c.SpringBootTestContextBootstrapper : Found @SpringBootConfiguration org.springframework.samples.petclinic.PetClinicApplication for test class org.springframework.samples.petclinic.owner.VisitControllerTests
2025-08-06T08:34:08.231-04:00  INFO 33636 --- [           main] o.s.b.d.r.RestartApplicationListener     : Restart disabled due to context in which it is running


              |\      _,,,--,,_
             /,`.-'`'   ._  \-;;,_
  _______ __|,4-  ) )_   .;.(__`'-'__     ___ __    _ ___ _______
 |       | '---''(_/._)-'(_\_)   |   |   |   |  |  | |   |       |
 |    _  |    ___|_     _|       |   |   |   |   |_| |   |       | __ _ _
 |   |_| |   |___  |   | |       |   |   |   |       |   |       | \ \ \ \
 |    ___|    ___| |   | |      _|   |___|   |  _    |   |      _|  \ \ \ \
 |   |   |   |___  |   | |     |_|       |   | | |   |   |     |_    ) ) ) )
 |___|   |_______| |___| |_______|_______|___|_|  |__|___|_______|  / / / /
 ==================================================================/_/_/_/

:: Built with Spring Boot :: 3.2.12


2025-08-06T08:34:08.243-04:00  INFO 33636 --- [           main] o.s.s.p.owner.VisitControllerTests       : Starting VisitControllerTests using Java 24.0.1 with PID 33636 (started by adamga in c:\Repos\spring-petclinic)
2025-08-06T08:34:08.244-04:00  INFO 33636 --- [           main] o.s.s.p.owner.VisitControllerTests       : No active profile set, falling back to 1 default profile: "default"
2025-08-06T08:34:08.351-04:00  INFO 33636 --- [           main] o.s.b.t.m.w.SpringBootMockServletContext : Initializing Spring TestDispatcherServlet ''
2025-08-06T08:34:08.352-04:00  INFO 33636 --- [           main] o.s.t.web.servlet.TestDispatcherServlet  : Initializing Servlet ''
2025-08-06T08:34:08.352-04:00  INFO 33636 --- [           main] o.s.t.web.servlet.TestDispatcherServlet  : Completed initialization in 0 ms
2025-08-06T08:34:08.354-04:00  INFO 33636 --- [           main] o.s.s.p.owner.VisitControllerTests       : Started VisitControllerTests in 0.123 seconds (process running for 4.623)
2025-08-06T08:34:08.393-04:00  INFO 33636 --- [           main] t.c.s.AnnotationConfigContextLoaderUtils : Could not detect default configuration classes for test class [org.springframework.samples.petclinic.PetClinicIntegrationTests]: PetClinicIntegrationTests does not declare any static, non-private, non-final, nested classes annotated with @Configuration.
2025-08-06T08:34:08.401-04:00  INFO 33636 --- [           main] .b.t.c.SpringBootTestContextBootstrapper : Found @SpringBootConfiguration org.springframework.samples.petclinic.PetClinicApplication for test class org.springframework.samples.petclinic.PetClinicIntegrationTests
2025-08-06T08:34:08.406-04:00  INFO 33636 --- [           main] o.s.b.d.r.RestartApplicationListener     : Restart disabled due to context in which it is running


              |\      _,,,--,,_
             /,`.-'`'   ._  \-;;,_
  _______ __|,4-  ) )_   .;.(__`'-'__     ___ __    _ ___ _______
 |       | '---''(_/._)-'(_\_)   |   |   |   |  |  | |   |       |
 |    _  |    ___|_     _|       |   |   |   |   |_| |   |       | __ _ _
 |   |_| |   |___  |   | |       |   |   |   |       |   |       | \ \ \ \
 |    ___|    ___| |   | |      _|   |___|   |  _    |   |      _|  \ \ \ \
 |   |   |   |___  |   | |     |_|       |   | | |   |   |     |_    ) ) ) )
 |___|   |_______| |___| |_______|_______|___|_|  |__|___|_______|  / / / /
 ==================================================================/_/_/_/

:: Built with Spring Boot :: 3.2.12


2025-08-06T08:34:08.421-04:00  INFO 33636 --- [           main] o.s.s.p.PetClinicIntegrationTests        : Starting PetClinicIntegrationTests using Java 24.0.1 with PID 33636 (started by adamga in c:\Repos\spring-petclinic)
2025-08-06T08:34:08.421-04:00  INFO 33636 --- [           main] o.s.s.p.PetClinicIntegrationTests        : No active profile set, falling back to 1 default profile: "default"
2025-08-06T08:34:08.773-04:00  INFO 33636 --- [           main] .s.d.r.c.RepositoryConfigurationDelegate : Bootstrapping Spring Data JPA repositories in DEFAULT mode.
2025-08-06T08:34:08.809-04:00  INFO 33636 --- [           main] .s.d.r.c.RepositoryConfigurationDelegate : Finished Spring Data repository scanning in 29 ms. Found 2 JPA repository interfaces.
WARNING: A restricted method in java.lang.System has been called
WARNING: java.lang.System::load has been called by org.apache.tomcat.jni.Library in an unnamed module (file:/C:/Users/adamga/.m2/repository/org/apache/tomcat/embed/tomcat-embed-core/10.1.42/tomcat-embed-core-10.1.42.jar)
WARNING: Use --enable-native-access=ALL-UNNAMED to avoid a warning for callers in this module
WARNING: Restricted methods will be blocked in a future release unless native access is enabled

2025-08-06T08:34:09.330-04:00  INFO 33636 --- [           main] o.s.b.w.embedded.tomcat.TomcatWebServer  : Tomcat initialized with port 0 (http)
2025-08-06T08:34:09.342-04:00  INFO 33636 --- [           main] o.apache.catalina.core.StandardService   : Starting service [Tomcat]
2025-08-06T08:34:09.343-04:00  INFO 33636 --- [           main] o.apache.catalina.core.StandardEngine    : Starting Servlet engine: [Apache Tomcat/10.1.42]
2025-08-06T08:34:09.391-04:00  INFO 33636 --- [           main] o.a.c.c.C.[Tomcat].[localhost].[/]       : Initializing Spring embedded WebApplicationContext
2025-08-06T08:34:09.392-04:00  INFO 33636 --- [           main] w.s.c.ServletWebServerApplicationContext : Root WebApplicationContext: initialization completed in 970 ms
2025-08-06T08:34:09.598-04:00  INFO 33636 --- [           main] com.zaxxer.hikari.HikariDataSource       : HikariPool-1 - Starting...
2025-08-06T08:34:09.863-04:00  INFO 33636 --- [           main] com.zaxxer.hikari.pool.HikariPool        : HikariPool-1 - Added connection conn0: url=jdbc:h2:mem:97e12a07-d45e-4420-bbdb-d070d999929c user=SA
2025-08-06T08:34:09.866-04:00  INFO 33636 --- [           main] com.zaxxer.hikari.HikariDataSource       : HikariPool-1 - Start completed.
2025-08-06T08:34:09.992-04:00  INFO 33636 --- [           main] o.hibernate.jpa.internal.util.LogHelper  : HHH000204: Processing PersistenceUnitInfo [name: default]
2025-08-06T08:34:10.048-04:00  INFO 33636 --- [           main] org.hibernate.Version                    : HHH000412: Hibernate ORM core version 6.4.10.Final
2025-08-06T08:34:10.078-04:00  INFO 33636 --- [           main] o.h.c.internal.RegionFactoryInitiator    : HHH000026: Second-level cache disabled
2025-08-06T08:34:10.172-04:00  INFO 33636 --- [           main] o.s.o.j.p.SpringPersistenceUnitInfo      : No LoadTimeWeaver setup: ignoring JPA class transformer
2025-08-06T08:34:11.001-04:00  INFO 33636 --- [           main] o.h.e.t.j.p.i.JtaPlatformInitiator       : HHH000489: No JTA platform available (set 'hibernate.transaction.jta.platform' to enable JTA platform integration)
2025-08-06T08:34:11.003-04:00  INFO 33636 --- [           main] j.LocalContainerEntityManagerFactoryBean : Initialized JPA EntityManagerFactory for persistence unit 'default'
2025-08-06T08:34:11.200-04:00  INFO 33636 --- [           main] o.s.d.j.r.query.QueryEnhancerFactory     : Hibernate is in classpath; If applicable, HQL parser will be used.
2025-08-06T08:34:12.166-04:00  INFO 33636 --- [           main] o.s.b.a.e.web.EndpointLinksResolver      : Exposing 13 endpoint(s) beneath base path '/actuator'
2025-08-06T08:34:12.262-04:00  INFO 33636 --- [           main] o.s.b.w.embedded.tomcat.TomcatWebServer  : Tomcat started on port 60620 (http) with context path ''
2025-08-06T08:34:12.266-04:00  INFO 33636 --- [           main] o.s.s.p.PetClinicIntegrationTests        : Started PetClinicIntegrationTests in 3.859 seconds (process running for 8.534)
2025-08-06T08:34:12.549-04:00  INFO 33636 --- [o-auto-1-exec-1] o.a.c.c.C.[Tomcat].[localhost].[/]       : Initializing Spring DispatcherServlet 'dispatcherServlet'
2025-08-06T08:34:12.549-04:00  INFO 33636 --- [o-auto-1-exec-1] o.s.web.servlet.DispatcherServlet        : Initializing Servlet 'dispatcherServlet'
2025-08-06T08:34:12.550-04:00  INFO 33636 --- [o-auto-1-exec-1] o.s.web.servlet.DispatcherServlet        : Completed initialization in 0 ms
2025-08-06T08:34:12.621-04:00  INFO 33636 --- [           main] t.c.s.AnnotationConfigContextLoaderUtils : Could not detect default configuration classes for test class [org.springframework.samples.petclinic.PostgresIntegrationTests]: PostgresIntegrationTests does not declare any static, non-private, non-final, nested classes annotated with @Configuration.
2025-08-06T08:34:12.624-04:00  INFO 33636 --- [           main] .b.t.c.SpringBootTestContextBootstrapper : Found @SpringBootConfiguration org.springframework.samples.petclinic.PetClinicApplication for test class org.springframework.samples.petclinic.PostgresIntegrationTests
2025-08-06T08:34:12.639-04:00  INFO 33636 --- [           main] t.c.s.AnnotationConfigContextLoaderUtils : Could not detect default configuration classes for test class [org.springframework.samples.petclinic.service.ClinicServiceTests]: ClinicServiceTests does not declare any static, non-private, non-final, nested classes annotated with @Configuration.
2025-08-06T08:34:12.653-04:00  INFO 33636 --- [           main] .b.t.c.SpringBootTestContextBootstrapper : Found @SpringBootConfiguration org.springframework.samples.petclinic.PetClinicApplication for test class org.springframework.samples.petclinic.service.ClinicServiceTests
2025-08-06T08:34:12.657-04:00  INFO 33636 --- [           main] o.s.b.d.r.RestartApplicationListener     : Restart disabled due to context in which it is running


              |\      _,,,--,,_
             /,`.-'`'   ._  \-;;,_
  _______ __|,4-  ) )_   .;.(__`'-'__     ___ __    _ ___ _______
 |       | '---''(_/._)-'(_\_)   |   |   |   |  |  | |   |       |
 |    _  |    ___|_     _|       |   |   |   |   |_| |   |       | __ _ _
 |   |_| |   |___  |   | |       |   |   |   |       |   |       | \ \ \ \
 |    ___|    ___| |   | |      _|   |___|   |  _    |   |      _|  \ \ \ \
 |   |   |   |___  |   | |     |_|       |   | | |   |   |     |_    ) ) ) )
 |___|   |_______| |___| |_______|_______|___|_|  |__|___|_______|  / / / /
 ==================================================================/_/_/_/

:: Built with Spring Boot :: 3.2.12


2025-08-06T08:34:12.667-04:00  INFO 33636 --- [           main] o.s.s.p.service.ClinicServiceTests       : Starting ClinicServiceTests using Java 24.0.1 with PID 33636 (started by adamga in c:\Repos\spring-petclinic)
2025-08-06T08:34:12.667-04:00  INFO 33636 --- [           main] o.s.s.p.service.ClinicServiceTests       : No active profile set, falling back to 1 default profile: "default"
2025-08-06T08:34:12.734-04:00  INFO 33636 --- [           main] .s.d.r.c.RepositoryConfigurationDelegate : Bootstrapping Spring Data JPA repositories in DEFAULT mode.
2025-08-06T08:34:12.742-04:00  INFO 33636 --- [           main] .s.d.r.c.RepositoryConfigurationDelegate : Finished Spring Data repository scanning in 7 ms. Found 2 JPA repository interfaces.
2025-08-06T08:34:12.762-04:00  INFO 33636 --- [           main] com.zaxxer.hikari.HikariDataSource       : HikariPool-2 - Starting...
2025-08-06T08:34:12.764-04:00  INFO 33636 --- [           main] com.zaxxer.hikari.pool.HikariPool        : HikariPool-2 - Added connection conn10: url=jdbc:h2:mem:ed333b88-e0a7-4b41-aecc-2d8210eac0dc user=SA
2025-08-06T08:34:12.765-04:00  INFO 33636 --- [           main] com.zaxxer.hikari.HikariDataSource       : HikariPool-2 - Start completed.
2025-08-06T08:34:12.787-04:00  INFO 33636 --- [           main] o.hibernate.jpa.internal.util.LogHelper  : HHH000204: Processing PersistenceUnitInfo [name: default]
2025-08-06T08:34:12.789-04:00  INFO 33636 --- [           main] o.h.c.internal.RegionFactoryInitiator    : HHH000026: Second-level cache disabled
2025-08-06T08:34:12.793-04:00  INFO 33636 --- [           main] o.s.o.j.p.SpringPersistenceUnitInfo      : No LoadTimeWeaver setup: ignoring JPA class transformer
2025-08-06T08:34:12.865-04:00  INFO 33636 --- [           main] o.h.e.t.j.p.i.JtaPlatformInitiator       : HHH000489: No JTA platform available (set 'hibernate.transaction.jta.platform' to enable JTA platform integration)
2025-08-06T08:34:12.865-04:00  INFO 33636 --- [           main] j.LocalContainerEntityManagerFactoryBean : Initialized JPA EntityManagerFactory for persistence unit 'default'
2025-08-06T08:34:12.893-04:00  INFO 33636 --- [           main] o.s.s.p.service.ClinicServiceTests       : Started ClinicServiceTests in 0.237 seconds (process running for 9.161)
Hibernate: select v1_0.id,v1_0.first_name,v1_0.last_name from vets v1_0
Hibernate: select s1_0.vet_id,s1_1.id,s1_1.name from vet_specialties s1_0 join specialties s1_1 on s1_1.id=s1_0.specialty_id where s1_0.vet_id=?
Hibernate: select s1_0.vet_id,s1_1.id,s1_1.name from vet_specialties s1_0 join specialties s1_1 on s1_1.id=s1_0.specialty_id where s1_0.vet_id=?
Hibernate: select s1_0.vet_id,s1_1.id,s1_1.name from vet_specialties s1_0 join specialties s1_1 on s1_1.id=s1_0.specialty_id where s1_0.vet_id=?
Hibernate: select s1_0.vet_id,s1_1.id,s1_1.name from vet_specialties s1_0 join specialties s1_1 on s1_1.id=s1_0.specialty_id where s1_0.vet_id=?
Hibernate: select s1_0.vet_id,s1_1.id,s1_1.name from vet_specialties s1_0 join specialties s1_1 on s1_1.id=s1_0.specialty_id where s1_0.vet_id=?
Hibernate: select s1_0.vet_id,s1_1.id,s1_1.name from vet_specialties s1_0 join specialties s1_1 on s1_1.id=s1_0.specialty_id where s1_0.vet_id=?
Hibernate: select distinct o1_0.id,o1_0.address,o1_0.city,o1_0.first_name,o1_0.last_name,o1_0.telephone from owners o1_0 left join pets p1_0 on o1_0.id=p1_0.owner_id where o1_0.last_name like ? escape ''
Hibernate: select p1_0.owner_id,p1_0.id,p1_0.birth_date,p1_0.name,t1_0.id,t1_0.name from pets p1_0 left join types t1_0 on t1_0.id=p1_0.type_id where p1_0.owner_id=? order by p1_0.name
Hibernate: select v1_0.pet_id,v1_0.id,v1_0.visit_date,v1_0.description from visits v1_0 where v1_0.pet_id=? order by v1_0.visit_date
Hibernate: select p1_0.owner_id,p1_0.id,p1_0.birth_date,p1_0.name,t1_0.id,t1_0.name from pets p1_0 left join types t1_0 on t1_0.id=p1_0.type_id where p1_0.owner_id=? order by p1_0.name
Hibernate: select v1_0.pet_id,v1_0.id,v1_0.visit_date,v1_0.description from visits v1_0 where v1_0.pet_id=? order by v1_0.visit_date
Hibernate: select distinct o1_0.id,o1_0.address,o1_0.city,o1_0.first_name,o1_0.last_name,o1_0.telephone from owners o1_0 left join pets p1_0 on o1_0.id=p1_0.owner_id where o1_0.last_name like ? escape ''
Hibernate: select o1_0.id,o1_0.address,o1_0.city,o1_0.first_name,o1_0.last_name,p1_0.owner_id,p1_0.id,p1_0.birth_date,p1_0.name,p1_0.type_id,o1_0.telephone from owners o1_0 left join pets p1_0 on o1_0.id=p1_0.owner_id where o1_0.id=? order by p1_0.name
Hibernate: select pt1_0.id,pt1_0.name from types pt1_0 where pt1_0.id=?
Hibernate: select v1_0.pet_id,v1_0.id,v1_0.visit_date,v1_0.description from visits v1_0 where v1_0.pet_id=? order by v1_0.visit_date
Hibernate: select v1_0.pet_id,v1_0.id,v1_0.visit_date,v1_0.description from visits v1_0 where v1_0.pet_id=? order by v1_0.visit_date
Hibernate: insert into visits (visit_date,description,id) values (?,?,default)
Hibernate: select o1_0.id,o1_0.address,o1_0.city,o1_0.first_name,o1_0.last_name,p1_0.owner_id,p1_0.id,p1_0.birth_date,p1_0.name,p1_0.type_id,o1_0.telephone from owners o1_0 left join pets p1_0 on o1_0.id=p1_0.owner_id where o1_0.id=? order by p1_0.name
Hibernate: select o1_0.id,o1_0.address,o1_0.city,o1_0.first_name,o1_0.last_name,p1_0.owner_id,p1_0.id,p1_0.birth_date,p1_0.name,p1_0.type_id,o1_0.telephone from owners o1_0 left join pets p1_0 on o1_0.id=p1_0.owner_id where o1_0.id=? order by p1_0.name
Hibernate: select pt1_0.id,pt1_0.name from types pt1_0 where pt1_0.id=?
Hibernate: select v1_0.pet_id,v1_0.id,v1_0.visit_date,v1_0.description from visits v1_0 where v1_0.pet_id=? order by v1_0.visit_date
Hibernate: update owners set address=?,city=?,first_name=?,last_name=?,telephone=? where id=?
Hibernate: select o1_0.id,o1_0.address,o1_0.city,o1_0.first_name,o1_0.last_name,p1_0.owner_id,p1_0.id,p1_0.birth_date,p1_0.name,p1_0.type_id,o1_0.telephone from owners o1_0 left join pets p1_0 on o1_0.id=p1_0.owner_id where o1_0.id=? order by p1_0.name
Hibernate: select o1_0.id,o1_0.address,o1_0.city,o1_0.first_name,o1_0.last_name,p1_0.owner_id,p1_0.id,p1_0.birth_date,p1_0.name,p1_0.type_id,o1_0.telephone from owners o1_0 left join pets p1_0 on o1_0.id=p1_0.owner_id where o1_0.id=? order by p1_0.name
Hibernate: select pt1_0.id,pt1_0.name from types pt1_0 where pt1_0.id=?
Hibernate: select v1_0.pet_id,v1_0.id,v1_0.visit_date,v1_0.description from visits v1_0 where v1_0.pet_id=? order by v1_0.visit_date
Hibernate: select v1_0.pet_id,v1_0.id,v1_0.visit_date,v1_0.description from visits v1_0 where v1_0.pet_id=? order by v1_0.visit_date
Hibernate: select o1_0.id,o1_0.address,o1_0.city,o1_0.first_name,o1_0.last_name,p1_0.owner_id,p1_0.id,p1_0.birth_date,p1_0.name,p1_0.type_id,o1_0.telephone from owners o1_0 left join pets p1_0 on o1_0.id=p1_0.owner_id where o1_0.id=? order by p1_0.name
Hibernate: select pt1_0.id,pt1_0.name from types pt1_0 where pt1_0.id=?
Hibernate: select v1_0.pet_id,v1_0.id,v1_0.visit_date,v1_0.description from visits v1_0 where v1_0.pet_id=? order by v1_0.visit_date
Hibernate: select v1_0.pet_id,v1_0.id,v1_0.visit_date,v1_0.description from visits v1_0 where v1_0.pet_id=? order by v1_0.visit_date
Hibernate: select pt1_0.id,pt1_0.name from types pt1_0 order by pt1_0.name
Hibernate: insert into pets (birth_date,name,type_id,id) values (?,?,?,default)
Hibernate: update pets set owner_id=? where id=?
Hibernate: select o1_0.id,o1_0.address,o1_0.city,o1_0.first_name,o1_0.last_name,p1_0.owner_id,p1_0.id,p1_0.birth_date,p1_0.name,p1_0.type_id,o1_0.telephone from owners o1_0 left join pets p1_0 on o1_0.id=p1_0.owner_id where o1_0.id=? order by p1_0.name
Hibernate: select distinct o1_0.id,o1_0.address,o1_0.city,o1_0.first_name,o1_0.last_name,o1_0.telephone from owners o1_0 left join pets p1_0 on o1_0.id=p1_0.owner_id where o1_0.last_name like ? escape ''
Hibernate: insert into owners (address,city,first_name,last_name,telephone,id) values (?,?,?,?,?,default)
Hibernate: select distinct o1_0.id,o1_0.address,o1_0.city,o1_0.first_name,o1_0.last_name,o1_0.telephone from owners o1_0 left join pets p1_0 on o1_0.id=p1_0.owner_id where o1_0.last_name like ? escape ''
Hibernate: select o1_0.id,o1_0.address,o1_0.city,o1_0.first_name,o1_0.last_name,p1_0.owner_id,p1_0.id,p1_0.birth_date,p1_0.name,p1_0.type_id,o1_0.telephone from owners o1_0 left join pets p1_0 on o1_0.id=p1_0.owner_id where o1_0.id=? order by p1_0.name
Hibernate: select pt1_0.id,pt1_0.name from types pt1_0 where pt1_0.id=?
Hibernate: select v1_0.pet_id,v1_0.id,v1_0.visit_date,v1_0.description from visits v1_0 where v1_0.pet_id=? order by v1_0.visit_date
Hibernate: select o1_0.id,o1_0.address,o1_0.city,o1_0.first_name,o1_0.last_name,p1_0.owner_id,p1_0.id,p1_0.birth_date,p1_0.name,p1_0.type_id,o1_0.telephone from owners o1_0 left join pets p1_0 on o1_0.id=p1_0.owner_id where o1_0.id=? order by p1_0.name
Hibernate: select pt1_0.id,pt1_0.name from types pt1_0 where pt1_0.id=?
Hibernate: select v1_0.pet_id,v1_0.id,v1_0.visit_date,v1_0.description from visits v1_0 where v1_0.pet_id=? order by v1_0.visit_date
Hibernate: select v1_0.pet_id,v1_0.id,v1_0.visit_date,v1_0.description from visits v1_0 where v1_0.pet_id=? order by v1_0.visit_date
Hibernate: update pets set birth_date=?,name=?,type_id=? where id=?
Hibernate: select o1_0.id,o1_0.address,o1_0.city,o1_0.first_name,o1_0.last_name,p1_0.owner_id,p1_0.id,p1_0.birth_date,p1_0.name,p1_0.type_id,o1_0.telephone from owners o1_0 left join pets p1_0 on o1_0.id=p1_0.owner_id where o1_0.id=? order by p1_0.name
Hibernate: select pt1_0.id,pt1_0.name from types pt1_0 order by pt1_0.name
2025-08-06T08:34:13.038-04:00  INFO 33636 --- [           main] o.s.b.d.r.RestartApplicationListener     : Restart disabled due to context in which it is running


              |\      _,,,--,,_
             /,`.-'`'   ._  \-;;,_
  _______ __|,4-  ) )_   .;.(__`'-'__     ___ __    _ ___ _______
 |       | '---''(_/._)-'(_\_)   |   |   |   |  |  | |   |       |
 |    _  |    ___|_     _|       |   |   |   |   |_| |   |       | __ _ _
 |   |_| |   |___  |   | |       |   |   |   |       |   |       | \ \ \ \
 |    ___|    ___| |   | |      _|   |___|   |  _    |   |      _|  \ \ \ \
 |   |   |   |___  |   | |     |_|       |   | | |   |   |     |_    ) ) ) )
 |___|   |_______| |___| |_______|_______|___|_|  |__|___|_______|  / / / /
 ==================================================================/_/_/_/

:: Built with Spring Boot :: 3.2.12


2025-08-06T08:34:13.049-04:00  INFO 33636 --- [           main] .s.s.p.s.CrashControllerIntegrationTests : Starting CrashControllerIntegrationTests using Java 24.0.1 with PID 33636 (started by adamga in c:\Repos\spring-petclinic)
2025-08-06T08:34:13.049-04:00  INFO 33636 --- [           main] .s.s.p.s.CrashControllerIntegrationTests : No active profile set, falling back to 1 default profile: "default"
2025-08-06T08:34:13.194-04:00  INFO 33636 --- [           main] o.s.b.w.embedded.tomcat.TomcatWebServer  : Tomcat initialized with port 0 (http)
2025-08-06T08:34:13.195-04:00  INFO 33636 --- [           main] o.apache.catalina.core.StandardService   : Starting service [Tomcat]
2025-08-06T08:34:13.195-04:00  INFO 33636 --- [           main] o.apache.catalina.core.StandardEngine    : Starting Servlet engine: [Apache Tomcat/10.1.42]
2025-08-06T08:34:13.218-04:00  INFO 33636 --- [           main] o.a.c.c.C.[Tomcat-1].[localhost].[/]     : Initializing Spring embedded WebApplicationContext
2025-08-06T08:34:13.218-04:00  INFO 33636 --- [           main] w.s.c.ServletWebServerApplicationContext : Root WebApplicationContext: initialization completed in 168 ms
2025-08-06T08:34:13.380-04:00  INFO 33636 --- [           main] o.s.b.a.e.web.EndpointLinksResolver      : Exposing 0 endpoint(s) beneath base path '/actuator'
2025-08-06T08:34:13.392-04:00  INFO 33636 --- [           main] o.s.b.w.embedded.tomcat.TomcatWebServer  : Tomcat started on port 60624 (http) with context path ''
2025-08-06T08:34:13.395-04:00  INFO 33636 --- [           main] .s.s.p.s.CrashControllerIntegrationTests : Started CrashControllerIntegrationTests in 0.357 seconds (process running for 9.664)
2025-08-06T08:34:13.406-04:00  INFO 33636 --- [o-auto-2-exec-1] o.a.c.c.C.[Tomcat-1].[localhost].[/]     : Initializing Spring DispatcherServlet 'dispatcherServlet'
2025-08-06T08:34:13.406-04:00  INFO 33636 --- [o-auto-2-exec-1] o.s.web.servlet.DispatcherServlet        : Initializing Servlet 'dispatcherServlet'
2025-08-06T08:34:13.406-04:00  INFO 33636 --- [o-auto-2-exec-1] o.s.web.servlet.DispatcherServlet        : Completed initialization in 0 ms
2025-08-06T08:34:13.409-04:00 ERROR 33636 --- [o-auto-2-exec-1] o.a.c.c.C.[.[.[/].[dispatcherServlet]    : Servlet.service() for servlet [dispatcherServlet] in context with path [] threw exception [Request processing failed: java.lang.RuntimeException: Expected: controller used to showcase what happens when an exception is thrown] with root cause

java.lang.RuntimeException: Expected: controller used to showcase what happens when an exception is thrown
	at org.springframework.samples.petclinic.system.CrashController.triggerException(CrashController.java:33) ~[classes/:na]
	at java.base/jdk.internal.reflect.DirectMethodHandleAccessor.invoke(DirectMethodHandleAccessor.java:104) ~[na:na]
	at java.base/java.lang.reflect.Method.invoke(Method.java:565) ~[na:na]
	at org.springframework.web.method.support.InvocableHandlerMethod.doInvoke(InvocableHandlerMethod.java:255) ~[spring-web-6.1.15.jar:6.1.15]
	at org.springframework.web.method.support.InvocableHandlerMethod.invokeForRequest(InvocableHandlerMethod.java:188) ~[spring-web-6.1.15.jar:6.1.15]
	at org.springframework.web.servlet.mvc.method.annotation.ServletInvocableHandlerMethod.invokeAndHandle(ServletInvocableHandlerMethod.java:118) ~[spring-webmvc-6.1.15.jar:6.1.15]
	at org.springframework.web.servlet.mvc.method.annotation.RequestMappingHandlerAdapter.invokeHandlerMethod(RequestMappingHandlerAdapter.java:926) ~[spring-webmvc-6.1.15.jar:6.1.15]
	at org.springframework.web.servlet.mvc.method.annotation.RequestMappingHandlerAdapter.handleInternal(RequestMappingHandlerAdapter.java:831) ~[spring-webmvc-6.1.15.jar:6.1.15]
	at org.springframework.web.servlet.mvc.method.AbstractHandlerMethodAdapter.handle(AbstractHandlerMethodAdapter.java:87) ~[spring-webmvc-6.1.15.jar:6.1.15]
	at org.springframework.web.servlet.DispatcherServlet.doDispatch(DispatcherServlet.java:1089) ~[spring-webmvc-6.1.15.jar:6.1.15]
	at org.springframework.web.servlet.DispatcherServlet.doService(DispatcherServlet.java:979) ~[spring-webmvc-6.1.15.jar:6.1.15]
	at org.springframework.web.servlet.FrameworkServlet.processRequest(FrameworkServlet.java:1014) ~[spring-webmvc-6.1.15.jar:6.1.15]
	at org.springframework.web.servlet.FrameworkServlet.doGet(FrameworkServlet.java:903) ~[spring-webmvc-6.1.15.jar:6.1.15]
	at jakarta.servlet.http.HttpServlet.service(HttpServlet.java:564) ~[tomcat-embed-core-10.1.42.jar:6.0]
	at org.springframework.web.servlet.FrameworkServlet.service(FrameworkServlet.java:885) ~[spring-webmvc-6.1.15.jar:6.1.15]
	at jakarta.servlet.http.HttpServlet.service(HttpServlet.java:658) ~[tomcat-embed-core-10.1.42.jar:6.0]
	at org.apache.catalina.core.ApplicationFilterChain.internalDoFilter(ApplicationFilterChain.java:195) ~[tomcat-embed-core-10.1.42.jar:10.1.42]
	at org.apache.catalina.core.ApplicationFilterChain.doFilter(ApplicationFilterChain.java:140) ~[tomcat-embed-core-10.1.42.jar:10.1.42]
	at org.apache.tomcat.websocket.server.WsFilter.doFilter(WsFilter.java:51) ~[tomcat-embed-websocket-10.1.42.jar:10.1.42]
	at org.apache.catalina.core.ApplicationFilterChain.internalDoFilter(ApplicationFilterChain.java:164) ~[tomcat-embed-core-10.1.42.jar:10.1.42]
	at org.apache.catalina.core.ApplicationFilterChain.doFilter(ApplicationFilterChain.java:140) ~[tomcat-embed-core-10.1.42.jar:10.1.42]
	at org.springframework.web.filter.RequestContextFilter.doFilterInternal(RequestContextFilter.java:100) ~[spring-web-6.1.15.jar:6.1.15]
	at org.springframework.web.filter.OncePerRequestFilter.doFilter(OncePerRequestFilter.java:116) ~[spring-web-6.1.15.jar:6.1.15]
	at org.apache.catalina.core.ApplicationFilterChain.internalDoFilter(ApplicationFilterChain.java:164) ~[tomcat-embed-core-10.1.42.jar:10.1.42]
	at org.apache.catalina.core.ApplicationFilterChain.doFilter(ApplicationFilterChain.java:140) ~[tomcat-embed-core-10.1.42.jar:10.1.42]
	at org.springframework.web.filter.FormContentFilter.doFilterInternal(FormContentFilter.java:93) ~[spring-web-6.1.15.jar:6.1.15]
	at org.springframework.web.filter.OncePerRequestFilter.doFilter(OncePerRequestFilter.java:116) ~[spring-web-6.1.15.jar:6.1.15]
	at org.apache.catalina.core.ApplicationFilterChain.internalDoFilter(ApplicationFilterChain.java:164) ~[tomcat-embed-core-10.1.42.jar:10.1.42]
	at org.apache.catalina.core.ApplicationFilterChain.doFilter(ApplicationFilterChain.java:140) ~[tomcat-embed-core-10.1.42.jar:10.1.42]
	at org.springframework.web.filter.ServerHttpObservationFilter.doFilterInternal(ServerHttpObservationFilter.java:113) ~[spring-web-6.1.15.jar:6.1.15]
	at org.springframework.web.filter.OncePerRequestFilter.doFilter(OncePerRequestFilter.java:116) ~[spring-web-6.1.15.jar:6.1.15]
	at org.apache.catalina.core.ApplicationFilterChain.internalDoFilter(ApplicationFilterChain.java:164) ~[tomcat-embed-core-10.1.42.jar:10.1.42]
	at org.apache.catalina.core.ApplicationFilterChain.doFilter(ApplicationFilterChain.java:140) ~[tomcat-embed-core-10.1.42.jar:10.1.42]
	at org.springframework.web.filter.CharacterEncodingFilter.doFilterInternal(CharacterEncodingFilter.java:201) ~[spring-web-6.1.15.jar:6.1.15]
	at org.springframework.web.filter.OncePerRequestFilter.doFilter(OncePerRequestFilter.java:116) ~[spring-web-6.1.15.jar:6.1.15]
	at org.apache.catalina.core.ApplicationFilterChain.internalDoFilter(ApplicationFilterChain.java:164) ~[tomcat-embed-core-10.1.42.jar:10.1.42]
	at org.apache.catalina.core.ApplicationFilterChain.doFilter(ApplicationFilterChain.java:140) ~[tomcat-embed-core-10.1.42.jar:10.1.42]
	at org.apache.catalina.core.StandardWrapperValve.invoke(StandardWrapperValve.java:167) ~[tomcat-embed-core-10.1.42.jar:10.1.42]
	at org.apache.catalina.core.StandardContextValve.invoke(StandardContextValve.java:90) ~[tomcat-embed-core-10.1.42.jar:10.1.42]
	at org.apache.catalina.authenticator.AuthenticatorBase.invoke(AuthenticatorBase.java:483) ~[tomcat-embed-core-10.1.42.jar:10.1.42]
	at org.apache.catalina.core.StandardHostValve.invoke(StandardHostValve.java:116) ~[tomcat-embed-core-10.1.42.jar:10.1.42]
	at org.apache.catalina.valves.ErrorReportValve.invoke(ErrorReportValve.java:93) ~[tomcat-embed-core-10.1.42.jar:10.1.42]
	at org.apache.catalina.core.StandardEngineValve.invoke(StandardEngineValve.java:74) ~[tomcat-embed-core-10.1.42.jar:10.1.42]
	at org.apache.catalina.connector.CoyoteAdapter.service(CoyoteAdapter.java:344) ~[tomcat-embed-core-10.1.42.jar:10.1.42]
	at org.apache.coyote.http11.Http11Processor.service(Http11Processor.java:398) ~[tomcat-embed-core-10.1.42.jar:10.1.42]
	at org.apache.coyote.AbstractProcessorLight.process(AbstractProcessorLight.java:63) ~[tomcat-embed-core-10.1.42.jar:10.1.42]
	at org.apache.coyote.AbstractProtocol$ConnectionHandler.process(AbstractProtocol.java:903) ~[tomcat-embed-core-10.1.42.jar:10.1.42]
	at org.apache.tomcat.util.net.NioEndpoint$SocketProcessor.doRun(NioEndpoint.java:1769) ~[tomcat-embed-core-10.1.42.jar:10.1.42]
	at org.apache.tomcat.util.net.SocketProcessorBase.run(SocketProcessorBase.java:52) ~[tomcat-embed-core-10.1.42.jar:10.1.42]
	at org.apache.tomcat.util.threads.ThreadPoolExecutor.runWorker(ThreadPoolExecutor.java:1189) ~[tomcat-embed-core-10.1.42.jar:10.1.42]
	at org.apache.tomcat.util.threads.ThreadPoolExecutor$Worker.run(ThreadPoolExecutor.java:658) ~[tomcat-embed-core-10.1.42.jar:10.1.42]
	at org.apache.tomcat.util.threads.TaskThread$WrappingRunnable.run(TaskThread.java:63) ~[tomcat-embed-core-10.1.42.jar:10.1.42]
	at java.base/java.lang.Thread.run(Thread.java:1447) ~[na:na]

2025-08-06T08:34:13.445-04:00 ERROR 33636 --- [o-auto-2-exec-2] o.a.c.c.C.[.[.[/].[dispatcherServlet]    : Servlet.service() for servlet [dispatcherServlet] in context with path [] threw exception [Request processing failed: java.lang.RuntimeException: Expected: controller used to showcase what happens when an exception is thrown] with root cause

java.lang.RuntimeException: Expected: controller used to showcase what happens when an exception is thrown
	at org.springframework.samples.petclinic.system.CrashController.triggerException(CrashController.java:33) ~[classes/:na]
	at java.base/jdk.internal.reflect.DirectMethodHandleAccessor.invoke(DirectMethodHandleAccessor.java:104) ~[na:na]
	at java.base/java.lang.reflect.Method.invoke(Method.java:565) ~[na:na]
	at org.springframework.web.method.support.InvocableHandlerMethod.doInvoke(InvocableHandlerMethod.java:255) ~[spring-web-6.1.15.jar:6.1.15]
	at org.springframework.web.method.support.InvocableHandlerMethod.invokeForRequest(InvocableHandlerMethod.java:188) ~[spring-web-6.1.15.jar:6.1.15]
	at org.springframework.web.servlet.mvc.method.annotation.ServletInvocableHandlerMethod.invokeAndHandle(ServletInvocableHandlerMethod.java:118) ~[spring-webmvc-6.1.15.jar:6.1.15]
	at org.springframework.web.servlet.mvc.method.annotation.RequestMappingHandlerAdapter.invokeHandlerMethod(RequestMappingHandlerAdapter.java:926) ~[spring-webmvc-6.1.15.jar:6.1.15]
	at org.springframework.web.servlet.mvc.method.annotation.RequestMappingHandlerAdapter.handleInternal(RequestMappingHandlerAdapter.java:831) ~[spring-webmvc-6.1.15.jar:6.1.15]
	at org.springframework.web.servlet.mvc.method.AbstractHandlerMethodAdapter.handle(AbstractHandlerMethodAdapter.java:87) ~[spring-webmvc-6.1.15.jar:6.1.15]
	at org.springframework.web.servlet.DispatcherServlet.doDispatch(DispatcherServlet.java:1089) ~[spring-webmvc-6.1.15.jar:6.1.15]
	at org.springframework.web.servlet.DispatcherServlet.doService(DispatcherServlet.java:979) ~[spring-webmvc-6.1.15.jar:6.1.15]
	at org.springframework.web.servlet.FrameworkServlet.processRequest(FrameworkServlet.java:1014) ~[spring-webmvc-6.1.15.jar:6.1.15]
	at org.springframework.web.servlet.FrameworkServlet.doGet(FrameworkServlet.java:903) ~[spring-webmvc-6.1.15.jar:6.1.15]
	at jakarta.servlet.http.HttpServlet.service(HttpServlet.java:564) ~[tomcat-embed-core-10.1.42.jar:6.0]
	at org.springframework.web.servlet.FrameworkServlet.service(FrameworkServlet.java:885) ~[spring-webmvc-6.1.15.jar:6.1.15]
	at jakarta.servlet.http.HttpServlet.service(HttpServlet.java:658) ~[tomcat-embed-core-10.1.42.jar:6.0]
	at org.apache.catalina.core.ApplicationFilterChain.internalDoFilter(ApplicationFilterChain.java:195) ~[tomcat-embed-core-10.1.42.jar:10.1.42]
	at org.apache.catalina.core.ApplicationFilterChain.doFilter(ApplicationFilterChain.java:140) ~[tomcat-embed-core-10.1.42.jar:10.1.42]
	at org.apache.tomcat.websocket.server.WsFilter.doFilter(WsFilter.java:51) ~[tomcat-embed-websocket-10.1.42.jar:10.1.42]
	at org.apache.catalina.core.ApplicationFilterChain.internalDoFilter(ApplicationFilterChain.java:164) ~[tomcat-embed-core-10.1.42.jar:10.1.42]
	at org.apache.catalina.core.ApplicationFilterChain.doFilter(ApplicationFilterChain.java:140) ~[tomcat-embed-core-10.1.42.jar:10.1.42]
	at org.springframework.web.filter.RequestContextFilter.doFilterInternal(RequestContextFilter.java:100) ~[spring-web-6.1.15.jar:6.1.15]
	at org.springframework.web.filter.OncePerRequestFilter.doFilter(OncePerRequestFilter.java:116) ~[spring-web-6.1.15.jar:6.1.15]
	at org.apache.catalina.core.ApplicationFilterChain.internalDoFilter(ApplicationFilterChain.java:164) ~[tomcat-embed-core-10.1.42.jar:10.1.42]
	at org.apache.catalina.core.ApplicationFilterChain.doFilter(ApplicationFilterChain.java:140) ~[tomcat-embed-core-10.1.42.jar:10.1.42]
	at org.springframework.web.filter.FormContentFilter.doFilterInternal(FormContentFilter.java:93) ~[spring-web-6.1.15.jar:6.1.15]
	at org.springframework.web.filter.OncePerRequestFilter.doFilter(OncePerRequestFilter.java:116) ~[spring-web-6.1.15.jar:6.1.15]
	at org.apache.catalina.core.ApplicationFilterChain.internalDoFilter(ApplicationFilterChain.java:164) ~[tomcat-embed-core-10.1.42.jar:10.1.42]
	at org.apache.catalina.core.ApplicationFilterChain.doFilter(ApplicationFilterChain.java:140) ~[tomcat-embed-core-10.1.42.jar:10.1.42]
	at org.springframework.web.filter.ServerHttpObservationFilter.doFilterInternal(ServerHttpObservationFilter.java:113) ~[spring-web-6.1.15.jar:6.1.15]
	at org.springframework.web.filter.OncePerRequestFilter.doFilter(OncePerRequestFilter.java:116) ~[spring-web-6.1.15.jar:6.1.15]
	at org.apache.catalina.core.ApplicationFilterChain.internalDoFilter(ApplicationFilterChain.java:164) ~[tomcat-embed-core-10.1.42.jar:10.1.42]
	at org.apache.catalina.core.ApplicationFilterChain.doFilter(ApplicationFilterChain.java:140) ~[tomcat-embed-core-10.1.42.jar:10.1.42]
	at org.springframework.web.filter.CharacterEncodingFilter.doFilterInternal(CharacterEncodingFilter.java:201) ~[spring-web-6.1.15.jar:6.1.15]
	at org.springframework.web.filter.OncePerRequestFilter.doFilter(OncePerRequestFilter.java:116) ~[spring-web-6.1.15.jar:6.1.15]
	at org.apache.catalina.core.ApplicationFilterChain.internalDoFilter(ApplicationFilterChain.java:164) ~[tomcat-embed-core-10.1.42.jar:10.1.42]
	at org.apache.catalina.core.ApplicationFilterChain.doFilter(ApplicationFilterChain.java:140) ~[tomcat-embed-core-10.1.42.jar:10.1.42]
	at org.apache.catalina.core.StandardWrapperValve.invoke(StandardWrapperValve.java:167) ~[tomcat-embed-core-10.1.42.jar:10.1.42]
	at org.apache.catalina.core.StandardContextValve.invoke(StandardContextValve.java:90) ~[tomcat-embed-core-10.1.42.jar:10.1.42]
	at org.apache.catalina.authenticator.AuthenticatorBase.invoke(AuthenticatorBase.java:483) ~[tomcat-embed-core-10.1.42.jar:10.1.42]
	at org.apache.catalina.core.StandardHostValve.invoke(StandardHostValve.java:116) ~[tomcat-embed-core-10.1.42.jar:10.1.42]
	at org.apache.catalina.valves.ErrorReportValve.invoke(ErrorReportValve.java:93) ~[tomcat-embed-core-10.1.42.jar:10.1.42]
	at org.apache.catalina.core.StandardEngineValve.invoke(StandardEngineValve.java:74) ~[tomcat-embed-core-10.1.42.jar:10.1.42]
	at org.apache.catalina.connector.CoyoteAdapter.service(CoyoteAdapter.java:344) ~[tomcat-embed-core-10.1.42.jar:10.1.42]
	at org.apache.coyote.http11.Http11Processor.service(Http11Processor.java:398) ~[tomcat-embed-core-10.1.42.jar:10.1.42]
	at org.apache.coyote.AbstractProcessorLight.process(AbstractProcessorLight.java:63) ~[tomcat-embed-core-10.1.42.jar:10.1.42]
	at org.apache.coyote.AbstractProtocol$ConnectionHandler.process(AbstractProtocol.java:903) ~[tomcat-embed-core-10.1.42.jar:10.1.42]
	at org.apache.tomcat.util.net.NioEndpoint$SocketProcessor.doRun(NioEndpoint.java:1769) ~[tomcat-embed-core-10.1.42.jar:10.1.42]
	at org.apache.tomcat.util.net.SocketProcessorBase.run(SocketProcessorBase.java:52) ~[tomcat-embed-core-10.1.42.jar:10.1.42]
	at org.apache.tomcat.util.threads.ThreadPoolExecutor.runWorker(ThreadPoolExecutor.java:1189) ~[tomcat-embed-core-10.1.42.jar:10.1.42]
	at org.apache.tomcat.util.threads.ThreadPoolExecutor$Worker.run(ThreadPoolExecutor.java:658) ~[tomcat-embed-core-10.1.42.jar:10.1.42]
	at org.apache.tomcat.util.threads.TaskThread$WrappingRunnable.run(TaskThread.java:63) ~[tomcat-embed-core-10.1.42.jar:10.1.42]
	at java.base/java.lang.Thread.run(Thread.java:1447) ~[na:na]

2025-08-06T08:34:13.495-04:00  INFO 33636 --- [           main] t.c.s.AnnotationConfigContextLoaderUtils : Could not detect default configuration classes for test class [org.springframework.samples.petclinic.vet.VetControllerTests]: VetControllerTests does not declare any static, non-private, non-final, nested classes annotated with @Configuration.
2025-08-06T08:34:13.507-04:00  INFO 33636 --- [           main] .b.t.c.SpringBootTestContextBootstrapper : Found @SpringBootConfiguration org.springframework.samples.petclinic.PetClinicApplication for test class org.springframework.samples.petclinic.vet.VetControllerTests
2025-08-06T08:34:13.511-04:00  INFO 33636 --- [           main] o.s.b.d.r.RestartApplicationListener     : Restart disabled due to context in which it is running


              |\      _,,,--,,_
             /,`.-'`'   ._  \-;;,_
  _______ __|,4-  ) )_   .;.(__`'-'__     ___ __    _ ___ _______
 |       | '---''(_/._)-'(_\_)   |   |   |   |  |  | |   |       |
 |    _  |    ___|_     _|       |   |   |   |   |_| |   |       | __ _ _
 |   |_| |   |___  |   | |       |   |   |   |       |   |       | \ \ \ \
 |    ___|    ___| |   | |      _|   |___|   |  _    |   |      _|  \ \ \ \
 |   |   |   |___  |   | |     |_|       |   | | |   |   |     |_    ) ) ) )
 |___|   |_______| |___| |_______|_______|___|_|  |__|___|_______|  / / / /
 ==================================================================/_/_/_/

:: Built with Spring Boot :: 3.2.12


2025-08-06T08:34:13.520-04:00  INFO 33636 --- [           main] o.s.s.petclinic.vet.VetControllerTests   : Starting VetControllerTests using Java 24.0.1 with PID 33636 (started by adamga in c:\Repos\spring-petclinic)
2025-08-06T08:34:13.520-04:00  INFO 33636 --- [           main] o.s.s.petclinic.vet.VetControllerTests   : No active profile set, falling back to 1 default profile: "default"
2025-08-06T08:34:13.643-04:00  INFO 33636 --- [           main] o.s.b.t.m.w.SpringBootMockServletContext : Initializing Spring TestDispatcherServlet ''
2025-08-06T08:34:13.643-04:00  INFO 33636 --- [           main] o.s.t.web.servlet.TestDispatcherServlet  : Initializing Servlet ''
2025-08-06T08:34:13.643-04:00  INFO 33636 --- [           main] o.s.t.web.servlet.TestDispatcherServlet  : Completed initialization in 0 ms
2025-08-06T08:34:13.644-04:00  INFO 33636 --- [           main] o.s.s.petclinic.vet.VetControllerTests   : Started VetControllerTests in 0.134 seconds (process running for 9.912)
2025-08-06T12:34:14.003Z [INFO] [MavenBuildTool] loading surefire reports.
2025-08-06T12:34:14.042Z [INFO] [MavenBuildTool] summarizing surefire reports.
2025-08-06T12:34:14.043Z [INFO] Add test changes to summary...
2025-08-06T12:34:14.088Z [INFO] 7	4	pom.xml

2025-08-06T12:34:14.093Z [INFO] Add test errors to summary...
2025-08-06T12:34:14.093Z [INFO] getting CVEs for dependencies:
 - org.springframework.boot:spring-boot-starter-actuator:3.2.12
  - org.springframework.boot:spring-boot-starter-cache:3.2.12
  - org.springframework.boot:spring-boot-starter-data-jpa:3.2.12
  - org.springframework.boot:spring-boot-starter-web:3.2.12
  - org.springframework.boot:spring-boot-starter-validation:3.2.12
  - org.springframework.boot:spring-boot-starter-thymeleaf:3.2.12
  - org.springframework.boot:spring-boot-starter-test:3.2.12
  - com.h2database:h2:2.2.224
  - com.mysql:mysql-connector-j:8.3.0
  - org.postgresql:postgresql:42.6.2
  - javax.cache:cache-api:1.1.1
  - com.github.ben-manes.caffeine:caffeine:3.1.8
  - org.webjars.npm:bootstrap:5.3.2
  - org.webjars.npm:font-awesome:4.7.0
  - org.springframework.boot:spring-boot-devtools:3.2.12
  - org.springframework.boot:spring-boot-testcontainers:3.2.12
  - org.springframework.boot:spring-boot-docker-compose:3.2.12
  - org.testcontainers:junit-jupiter:1.19.8
  - org.testcontainers:mysql:1.19.8
  - jakarta.xml.bind:jakarta.xml.bind-api:4.0.2
  - java:*:21...
2025-08-06T12:34:14.093Z [INFO] getting gitHub access token...
2025-08-06T12:34:14.095Z [INFO] listing CVEs for dependencies from GithHub...
2025-08-06T12:34:14.398Z [INFO] found 0 CVEs for dependencies
2025-08-06T12:34:14.399Z [INFO] grouping CVEs and finding min patched version by dep...
2025-08-06T12:34:14.399Z [INFO] done getting CVEs for dependencies
2025-08-06T12:34:14.444Z [INFO] diff --git a/pom.xml b/pom.xml
index cf47f8a..44c9c74 100644
--- a/pom.xml
+++ b/pom.xml
@@ -10,14 +10,14 @@
   <parent>
     <groupId>org.springframework.boot</groupId>
     <artifactId>spring-boot-starter-parent</artifactId>
-    <version>3.2.1</version>
+    <version>3.2.12</version>
   </parent>
   <name>petclinic</name>
 
   <properties>
 
     <!-- Generic properties -->
-    <java.version>17</java.version>
+    <java.version>21</java.version>
     <project.build.sourceEncoding>UTF-8</project.build.sourceEncoding>
     <project.reporting.outputEncoding>UTF-8</project.reporting.outputEncoding>
     <!-- Important for reproducible builds. Update using e.g. ./mvnw versions:set -DnewVersion=... -->
@@ -27,11 +27,14 @@
     <webjars-bootstrap.version>5.3.2</webjars-bootstrap.version>
     <webjars-font-awesome.version>4.7.0</webjars-font-awesome.version>
 
+    <!-- Override Tomcat version for security fixes -->
+    <tomcat.version>10.1.42</tomcat.version>
+
     <checkstyle.version>10.12.5</checkstyle.version>
-    <jacoco.version>0.8.11</jacoco.version>
+    <jacoco.version>0.8.13</jacoco.version>
     <libsass.version>0.2.29</libsass.version>
     <lifecycle-mapping>1.0.0</lifecycle-mapping>
-    <maven-checkstyle.version>3.3.1</maven-checkstyle.version>
+    <maven-checkstyle.version>3.6.0</maven-checkstyle.version>
     <nohttp-checkstyle.version>0.0.11</nohttp-checkstyle.version>
     <spring-format.version>0.0.40</spring-format.version>
 

2025-08-06T12:34:14.448Z [INFO] [unknown]: getting broken files...
2025-08-06T12:34:14.448Z [INFO] [unknown]: found 0 broken files.
2025-08-06T12:34:14.448Z [INFO] [unknown]: there are 37 lines.
2025-08-06T12:34:14.621Z [INFO] [unknown]: there are 457 tokens.
2025-08-06T12:34:14.622Z [INFO] [unknown]: no need to split the diff file.
2025-08-06T12:34:14.622Z [INFO] summarizing behavior changes...
2025-08-06T12:34:14.623Z [INFO] summarizing behavior changes of part 1...
2025-08-06T12:34:24.651Z [INFO] summarized behavior changes of part 1.
2025-08-06T12:34:24.652Z [INFO] summarized behavior changes of all parts.
2025-08-06T12:34:24.652Z [INFO] summarizing behavior changes...
2025-08-06T12:34:24.652Z [INFO] summarizing behavior changes of part 1...
2025-08-06T12:34:29.625Z [INFO] summarized behavior changes of part 1.
2025-08-06T12:34:29.626Z [INFO] summarized behavior changes of all parts.
2025-08-06T12:34:29.626Z [INFO] summarizing behavior changes...
2025-08-06T12:34:29.626Z [INFO] summarizing behavior changes of part 1...
2025-08-06T12:34:38.134Z [INFO] summarized behavior changes of part 1.
2025-08-06T12:34:38.135Z [INFO] summarized behavior changes of all parts.
